Nov 13 14:02:25 raspberrypi kernel: [    0.000000] Booting Linux on physical CPU 0x0
Nov 13 14:02:25 raspberrypi fake-hwclock[98]: Tue 13 Nov 14:02:23 UTC 2018
Nov 13 14:02:25 raspberrypi kernel: [    0.000000] Linux version 4.14.79-v7+ (dc4@dc4-XPS13-9333) (gcc version 4.9.3 (crosstool-NG crosstool-ng-1.22.0-88-g8460611)) #1159 SMP Sun Nov 4 17:50:20 GMT 2018
Nov 13 14:02:25 raspberrypi kernel: [    0.000000] CPU: ARMv7 Processor [410fd034] revision 4 (ARMv7), cr=10c5383d
Nov 13 14:02:25 raspberrypi kernel: [    0.000000] CPU: div instructions available: patching division code
Nov 13 14:02:25 raspberrypi kernel: [    0.000000] CPU: PIPT / VIPT nonaliasing data cache, VIPT aliasing instruction cache
Nov 13 14:02:25 raspberrypi kernel: [    0.000000] OF: fdt: Machine model: Raspberry Pi 3 Model B Rev 1.2
Nov 13 14:02:25 raspberrypi systemd[1]: Time has been changed
Nov 13 14:02:25 raspberrypi kernel: [    0.000000] Memory policy: Data cache writealloc
Nov 13 14:02:25 raspberrypi kernel: [    0.000000] cma: Reserved 8 MiB at 0x3ac00000
Nov 13 14:02:25 raspberrypi kernel: [    0.000000] On node 0 totalpages: 242688
Nov 13 14:02:25 raspberrypi kernel: [    0.000000] free_area_init_node: node 0, pgdat 80c85280, node_mem_map ba39f000
Nov 13 14:02:25 raspberrypi kernel: [    0.000000]   Normal zone: 2133 pages used for memmap
Nov 13 14:02:25 raspberrypi systemd[1]: Starting Create Static Device Nodes in /dev...
Nov 13 14:02:25 raspberrypi kernel: [    0.000000]   Normal zone: 0 pages reserved
Nov 13 14:02:25 raspberrypi kernel: [    0.000000]   Normal zone: 242688 pages, LIFO batch:31
Nov 13 14:02:25 raspberrypi kernel: [    0.000000] percpu: Embedded 17 pages/cpu @ba348000 s38720 r8192 d22720 u69632
Nov 13 14:02:25 raspberrypi systemd[1]: Starting File System Check on Root Device...
Nov 13 14:02:25 raspberrypi kernel: [    0.000000] pcpu-alloc: s38720 r8192 d22720 u69632 alloc=17*4096
Nov 13 14:02:25 raspberrypi kernel: [    0.000000] pcpu-alloc: [0] 0 [0] 1 [0] 2 [0] 3 
Nov 13 14:02:25 raspberrypi kernel: [    0.000000] Built 1 zonelists, mobility grouping on.  Total pages: 240555
Nov 13 14:02:25 raspberrypi kernel: [    0.000000] Kernel command line: 8250.nr_uarts=0 bcm2708_fb.fbwidth=1824 bcm2708_fb.fbheight=984 bcm2708_fb.fbswap=1 vc_mem.mem_base=0x3ec00000 vc_mem.mem_size=0x40000000  dwc_otg.lpm_enable=0 console=ttyS0,115200 console=tty1 root=PARTUUID=ab4d4c6a-02 rootfstype=ext4 elevator=deadline fsck.repair=yes rootwait
Nov 13 14:02:25 raspberrypi kernel: [    0.000000] PID hash table entries: 4096 (order: 2, 16384 bytes)
Nov 13 14:02:25 raspberrypi systemd[1]: Starting Apply Kernel Variables...
Nov 13 14:02:25 raspberrypi kernel: [    0.000000] Dentry cache hash table entries: 131072 (order: 7, 524288 bytes)
Nov 13 14:02:25 raspberrypi kernel: [    0.000000] Inode-cache hash table entries: 65536 (order: 6, 262144 bytes)
Nov 13 14:02:25 raspberrypi kernel: [    0.000000] Memory: 940232K/970752K available (7168K kernel code, 576K rwdata, 2076K rodata, 1024K init, 698K bss, 22328K reserved, 8192K cma-reserved)
Nov 13 14:02:25 raspberrypi systemd[1]: Mounting Configuration File System...
Nov 13 14:02:25 raspberrypi kernel: [    0.000000] Virtual kernel memory layout:
Nov 13 14:02:25 raspberrypi kernel: [    0.000000]     vector  : 0xffff0000 - 0xffff1000   (   4 kB)
Nov 13 14:02:25 raspberrypi kernel: [    0.000000]     fixmap  : 0xffc00000 - 0xfff00000   (3072 kB)
Nov 13 14:02:25 raspberrypi kernel: [    0.000000]     vmalloc : 0xbb800000 - 0xff800000   (1088 MB)
Nov 13 14:02:25 raspberrypi kernel: [    0.000000]     lowmem  : 0x80000000 - 0xbb400000   ( 948 MB)
Nov 13 14:02:25 raspberrypi kernel: [    0.000000]     modules : 0x7f000000 - 0x80000000   (  16 MB)
Nov 13 14:02:25 raspberrypi systemd[1]: Started File System Check Daemon to report status.
Nov 13 14:02:25 raspberrypi kernel: [    0.000000]       .text : 0x80008000 - 0x80800000   (8160 kB)
Nov 13 14:02:25 raspberrypi kernel: [    0.000000]       .init : 0x80b00000 - 0x80c00000   (1024 kB)
Nov 13 14:02:25 raspberrypi kernel: [    0.000000]       .data : 0x80c00000 - 0x80c9017c   ( 577 kB)
Nov 13 14:02:25 raspberrypi systemd[1]: Mounted Configuration File System.
Nov 13 14:02:25 raspberrypi kernel: [    0.000000]        .bss : 0x80c97f04 - 0x80d468b0   ( 699 kB)
Nov 13 14:02:25 raspberrypi kernel: [    0.000000] SLUB: HWalign=64, Order=0-3, MinObjects=0, CPUs=4, Nodes=1
Nov 13 14:02:25 raspberrypi kernel: [    0.000000] ftrace: allocating 25287 entries in 75 pages
Nov 13 14:02:25 raspberrypi kernel: [    0.000000] Hierarchical RCU implementation.
Nov 13 14:02:25 raspberrypi systemd[1]: Started Apply Kernel Variables.
Nov 13 14:02:25 raspberrypi kernel: [    0.000000] NR_IRQS: 16, nr_irqs: 16, preallocated irqs: 16
Nov 13 14:02:25 raspberrypi kernel: [    0.000000] arch_timer: cp15 timer(s) running at 19.20MHz (phys).
Nov 13 14:02:25 raspberrypi kernel: [    0.000000] clocksource: arch_sys_counter: mask: 0xffffffffffffff max_cycles: 0x46d987e47, max_idle_ns: 440795202767 ns
Nov 13 14:02:25 raspberrypi systemd[1]: Started Create Static Device Nodes in /dev.
Nov 13 14:02:25 raspberrypi kernel: [    0.000007] sched_clock: 56 bits at 19MHz, resolution 52ns, wraps every 4398046511078ns
Nov 13 14:02:25 raspberrypi kernel: [    0.000022] Switching to timer-based delay loop, resolution 52ns
Nov 13 14:02:25 raspberrypi kernel: [    0.000272] Console: colour dummy device 80x30
Nov 13 14:02:25 raspberrypi kernel: [    0.000806] console [tty1] enabled
Nov 13 14:02:25 raspberrypi systemd[1]: Starting udev Kernel Device Manager...
Nov 13 14:02:25 raspberrypi kernel: [    0.000844] Calibrating delay loop (skipped), value calculated using timer frequency.. 38.40 BogoMIPS (lpj=192000)
Nov 13 14:02:25 raspberrypi kernel: [    0.000884] pid_max: default: 32768 minimum: 301
Nov 13 14:02:25 raspberrypi kernel: [    0.001218] Mount-cache hash table entries: 2048 (order: 1, 8192 bytes)
Nov 13 14:02:25 raspberrypi kernel: [    0.001251] Mountpoint-cache hash table entries: 2048 (order: 1, 8192 bytes)
Nov 13 14:02:25 raspberrypi systemd-fsck[113]: e2fsck 1.43.4 (31-Jan-2017)
Nov 13 14:02:25 raspberrypi kernel: [    0.002211] Disabling memory control group subsystem
Nov 13 14:02:25 raspberrypi kernel: [    0.002308] CPU: Testing write buffer coherency: ok
Nov 13 14:02:25 raspberrypi kernel: [    0.002740] CPU0: thread -1, cpu 0, socket 0, mpidr 80000000
Nov 13 14:02:25 raspberrypi kernel: [    0.003159] Setting up static identity map for 0x100000 - 0x10003c
Nov 13 14:02:25 raspberrypi systemd-fsck[113]: Superblock last write time is in the future.
Nov 13 14:02:25 raspberrypi kernel: [    0.003296] Hierarchical SRCU implementation.
Nov 13 14:02:25 raspberrypi kernel: [    0.003986] smp: Bringing up secondary CPUs ...
Nov 13 14:02:25 raspberrypi kernel: [    0.004786] CPU1: thread -1, cpu 1, socket 0, mpidr 80000001
Nov 13 14:02:25 raspberrypi systemd-fsck[113]: #011(by less than a day, probably due to the hardware clock being incorrectly set)
Nov 13 14:02:25 raspberrypi kernel: [    0.005625] CPU2: thread -1, cpu 2, socket 0, mpidr 80000002
Nov 13 14:02:25 raspberrypi kernel: [    0.006449] CPU3: thread -1, cpu 3, socket 0, mpidr 80000003
Nov 13 14:02:25 raspberrypi kernel: [    0.006553] smp: Brought up 1 node, 4 CPUs
Nov 13 14:02:25 raspberrypi kernel: [    0.006625] SMP: Total of 4 processors activated (153.60 BogoMIPS).
Nov 13 14:02:25 raspberrypi kernel: [    0.006647] CPU: All CPU(s) started in HYP mode.
Nov 13 14:02:25 raspberrypi systemd-fsck[113]: rootfs: clean, 39646/110880 files, 258346/443392 blocks
Nov 13 14:02:25 raspberrypi kernel: [    0.006665] CPU: Virtualization extensions available.
Nov 13 14:02:25 raspberrypi kernel: [    0.007603] devtmpfs: initialized
Nov 13 14:02:25 raspberrypi kernel: [    0.017732] random: get_random_u32 called from bucket_table_alloc+0xfc/0x24c with crng_init=0
Nov 13 14:02:25 raspberrypi kernel: [    0.018400] VFP support v0.3: implementor 41 architecture 3 part 40 variant 3 rev 4
Nov 13 14:02:25 raspberrypi systemd[1]: Started File System Check on Root Device.
Nov 13 14:02:25 raspberrypi kernel: [    0.018646] clocksource: jiffies: mask: 0xffffffff max_cycles: 0xffffffff, max_idle_ns: 19112604462750000 ns
Nov 13 14:02:25 raspberrypi kernel: [    0.018689] futex hash table entries: 1024 (order: 4, 65536 bytes)
Nov 13 14:02:25 raspberrypi kernel: [    0.019261] pinctrl core: initialized pinctrl subsystem
Nov 13 14:02:25 raspberrypi systemd[1]: Starting Remount Root and Kernel File Systems...
Nov 13 14:02:25 raspberrypi kernel: [    0.020062] NET: Registered protocol family 16
Nov 13 14:02:25 raspberrypi kernel: [    0.022647] DMA: preallocated 1024 KiB pool for atomic coherent allocations
Nov 13 14:02:25 raspberrypi kernel: [    0.027420] hw-breakpoint: found 5 (+1 reserved) breakpoint and 4 watchpoint registers.
Nov 13 14:02:25 raspberrypi kernel: [    0.027453] hw-breakpoint: maximum watchpoint size is 8 bytes.
Nov 13 14:02:25 raspberrypi systemd[1]: Started Set the console keyboard layout.
Nov 13 14:02:25 raspberrypi kernel: [    0.027676] Serial: AMBA PL011 UART driver
Nov 13 14:02:25 raspberrypi kernel: [    0.029356] bcm2835-mbox 3f00b880.mailbox: mailbox enabled
Nov 13 14:02:25 raspberrypi kernel: [    0.029835] uart-pl011 3f201000.serial: could not find pctldev for node /soc/gpio@7e200000/uart0_pins, deferring probe
Nov 13 14:02:25 raspberrypi kernel: [    0.061520] bcm2835-dma 3f007000.dma: DMA legacy API manager at bb813000, dmachans=0x1
Nov 13 14:02:25 raspberrypi systemd[1]: Started udev Kernel Device Manager.
Nov 13 14:02:25 raspberrypi kernel: [    0.062978] SCSI subsystem initialized
Nov 13 14:02:25 raspberrypi kernel: [    0.063215] usbcore: registered new interface driver usbfs
Nov 13 14:02:25 raspberrypi kernel: [    0.063284] usbcore: registered new interface driver hub
Nov 13 14:02:25 raspberrypi kernel: [    0.063392] usbcore: registered new device driver usb
Nov 13 14:02:25 raspberrypi systemd[1]: Started Remount Root and Kernel File Systems.
Nov 13 14:02:25 raspberrypi kernel: [    0.070076] raspberrypi-firmware soc:firmware: Attached to firmware from 2018-11-04 16:31
Nov 13 14:02:25 raspberrypi systemd[1]: Starting Flush Journal to Persistent Storage...
Nov 13 14:02:25 raspberrypi kernel: [    0.071402] clocksource: Switched to clocksource arch_sys_counter
Nov 13 14:02:25 raspberrypi kernel: [    0.148309] VFS: Disk quotas dquot_6.6.0
Nov 13 14:02:25 raspberrypi kernel: [    0.148423] VFS: Dquot-cache hash table entries: 1024 (order 0, 4096 bytes)
Nov 13 14:02:25 raspberrypi systemd[1]: Starting udev Coldplug all Devices...
Nov 13 14:02:25 raspberrypi systemd[1]: Reached target Local File Systems (Pre).
Nov 13 14:02:25 raspberrypi systemd[1]: Starting Load/Save Random Seed...
Nov 13 14:02:25 raspberrypi systemd[1]: Started Load/Save Random Seed.
Nov 13 14:02:25 raspberrypi systemd[1]: Started Flush Journal to Persistent Storage.
Nov 13 14:02:25 raspberrypi kernel: [    0.148628] FS-Cache: Loaded
Nov 13 14:02:25 raspberrypi systemd[1]: Started udev Coldplug all Devices.
Nov 13 14:02:25 raspberrypi kernel: [    0.148841] CacheFiles: Loaded
Nov 13 14:02:25 raspberrypi kernel: [    0.157731] NET: Registered protocol family 2
Nov 13 14:02:25 raspberrypi kernel: [    0.158469] TCP established hash table entries: 8192 (order: 3, 32768 bytes)
Nov 13 14:02:25 raspberrypi systemd[1]: Starting Show Plymouth Boot Screen...
Nov 13 14:02:25 raspberrypi kernel: [    0.158599] TCP bind hash table entries: 8192 (order: 4, 65536 bytes)
Nov 13 14:02:25 raspberrypi kernel: [    0.158801] TCP: Hash tables configured (established 8192 bind 8192)
Nov 13 14:02:25 raspberrypi kernel: [    0.158947] UDP hash table entries: 512 (order: 2, 16384 bytes)
Nov 13 14:02:25 raspberrypi systemd[1]: Received SIGRTMIN+20 from PID 186 (plymouthd).
Nov 13 14:02:25 raspberrypi kernel: [    0.159008] UDP-Lite hash table entries: 512 (order: 2, 16384 bytes)
Nov 13 14:02:25 raspberrypi kernel: [    0.159255] NET: Registered protocol family 1
Nov 13 14:02:25 raspberrypi kernel: [    0.159727] RPC: Registered named UNIX socket transport module.
Nov 13 14:02:25 raspberrypi kernel: [    0.159751] RPC: Registered udp transport module.
Nov 13 14:02:25 raspberrypi systemd[1]: Started Show Plymouth Boot Screen.
Nov 13 14:02:25 raspberrypi kernel: [    0.159771] RPC: Registered tcp transport module.
Nov 13 14:02:25 raspberrypi kernel: [    0.159790] RPC: Registered tcp NFSv4.1 backchannel transport module.
Nov 13 14:02:25 raspberrypi kernel: [    0.161276] hw perfevents: enabled with armv7_cortex_a7 PMU driver, 7 counters available
Nov 13 14:02:25 raspberrypi kernel: [    0.164059] workingset: timestamp_bits=14 max_order=18 bucket_order=4
Nov 13 14:02:25 raspberrypi systemd[1]: Reached target Paths.
Nov 13 14:02:25 raspberrypi kernel: [    0.172057] FS-Cache: Netfs 'nfs' registered for caching
Nov 13 14:02:25 raspberrypi kernel: [    0.172674] NFS: Registering the id_resolver key type
Nov 13 14:02:25 raspberrypi kernel: [    0.172718] Key type id_resolver registered
Nov 13 14:02:25 raspberrypi kernel: [    0.172738] Key type id_legacy registered
Nov 13 14:02:25 raspberrypi systemd[1]: Reached target Encrypted Volumes.
Nov 13 14:02:25 raspberrypi kernel: [    0.172766] nfs4filelayout_init: NFSv4 File Layout Driver Registering...
Nov 13 14:02:25 raspberrypi kernel: [    0.174704] Block layer SCSI generic (bsg) driver version 0.4 loaded (major 251)
Nov 13 14:02:25 raspberrypi kernel: [    0.174860] io scheduler noop registered
Nov 13 14:02:25 raspberrypi systemd[1]: Started Forward Password Requests to Plymouth Directory Watch.
Nov 13 14:02:25 raspberrypi kernel: [    0.174882] io scheduler deadline registered (default)
Nov 13 14:02:25 raspberrypi kernel: [    0.175066] io scheduler cfq registered
Nov 13 14:02:25 raspberrypi kernel: [    0.175088] io scheduler mq-deadline registered
Nov 13 14:02:25 raspberrypi systemd[1]: Found device /dev/serial1.
Nov 13 14:02:25 raspberrypi kernel: [    0.175109] io scheduler kyber registered
Nov 13 14:02:25 raspberrypi kernel: [    0.177829] BCM2708FB: allocated DMA memory fad10000
Nov 13 14:02:25 raspberrypi kernel: [    0.177874] BCM2708FB: allocated DMA channel 0 @ bb813000
Nov 13 14:02:25 raspberrypi kernel: [    0.227927] Console: switching to colour frame buffer device 228x61
Nov 13 14:02:25 raspberrypi systemd[1]: Found device /dev/disk/by-partuuid/ab4d4c6a-01.
Nov 13 14:02:25 raspberrypi kernel: [    0.258326] bcm2835-rng 3f104000.rng: hwrng registered
Nov 13 14:02:25 raspberrypi kernel: [    0.258605] vc-mem: phys_addr:0x00000000 mem_base=0x3ec00000 mem_size:0x40000000(1024 MiB)
Nov 13 14:02:25 raspberrypi systemd[1]: Starting File System Check on /dev/disk/by-partuuid/ab4d4c6a-01...
Nov 13 14:02:25 raspberrypi mtp-probe: checking bus 1, device 4: "/sys/devices/platform/soc/3f980000.usb/usb1/1-1/1-1.4"
Nov 13 14:02:25 raspberrypi mtp-probe: checking bus 1, device 3: "/sys/devices/platform/soc/3f980000.usb/usb1/1-1/1-1.1"
Nov 13 14:02:25 raspberrypi mtp-probe: bus: 1, device: 4 was not an MTP device
Nov 13 14:02:25 raspberrypi mtp-probe: bus: 1, device: 3 was not an MTP device
Nov 13 14:02:25 raspberrypi systemd[1]: Reached target Sound Card.
Nov 13 14:02:25 raspberrypi systemd[1]: Listening on Load/Save RF Kill Switch Status /dev/rfkill Watch.
Nov 13 14:02:25 raspberrypi systemd-udevd[171]: Process '/usr/sbin/th-cmd --socket /var/run/thd.socket --passfd --udev' failed with exit code 1.
Nov 13 14:02:25 raspberrypi systemd-udevd[187]: Process '/usr/sbin/alsactl -E HOME=/run/alsa restore 0' failed with exit code 99.
Nov 13 14:02:25 raspberrypi systemd-fsck[223]: fsck.fat 4.1 (2017-01-24)
Nov 13 14:02:25 raspberrypi systemd-fsck[223]: /dev/mmcblk0p1: 176 files, 45079/88440 clusters
Nov 13 14:02:25 raspberrypi systemd[1]: Started File System Check on /dev/disk/by-partuuid/ab4d4c6a-01.
Nov 13 14:02:25 raspberrypi systemd[1]: Mounting /boot...
Nov 13 14:02:25 raspberrypi systemd[1]: Mounted /boot.
Nov 13 14:02:25 raspberrypi systemd[1]: Reached target Local File Systems.
Nov 13 14:02:25 raspberrypi systemd[1]: Starting Preprocess NFS configuration...
Nov 13 14:02:25 raspberrypi systemd[1]: Starting Commit a transient machine-id on disk...
Nov 13 14:02:25 raspberrypi systemd[1]: Starting Tell Plymouth To Write Out Runtime Data...
Nov 13 14:02:25 raspberrypi systemd[1]: Starting Raise network interfaces...
Nov 13 14:02:25 raspberrypi systemd[1]: Starting Set console font and keymap...
Nov 13 14:02:25 raspberrypi systemd[1]: Starting Create Volatile Files and Directories...
Nov 13 14:02:25 raspberrypi systemd-udevd[163]: Process '/usr/sbin/th-cmd --socket /var/run/thd.socket --passfd --udev' failed with exit code 1.
Nov 13 14:02:25 raspberrypi systemd[1]: Started Preprocess NFS configuration.
Nov 13 14:02:25 raspberrypi systemd[1]: Started Tell Plymouth To Write Out Runtime Data.
Nov 13 14:02:25 raspberrypi systemd-udevd[185]: Process '/usr/sbin/th-cmd --socket /var/run/thd.socket --passfd --udev' failed with exit code 1.
Nov 13 14:02:25 raspberrypi systemd[1]: Started Set console font and keymap.
Nov 13 14:02:25 raspberrypi systemd[1]: Reached target NFS client services.
Nov 13 14:02:25 raspberrypi systemd[1]: Reached target Remote File Systems (Pre).
Nov 13 14:02:25 raspberrypi kernel: [    0.259334] vc-sm: Videocore shared memory driver
Nov 13 14:02:25 raspberrypi kernel: [    0.259749] gpiomem-bcm2835 3f200000.gpiomem: Initialised: Registers at 0x3f200000
Nov 13 14:02:25 raspberrypi kernel: [    0.269610] brd: module loaded
Nov 13 14:02:25 raspberrypi kernel: [    0.278701] loop: module loaded
Nov 13 14:02:25 raspberrypi systemd[1]: Reached target Remote File Systems.
Nov 13 14:02:25 raspberrypi kernel: [    0.278837] Loading iSCSI transport class v2.0-870.
Nov 13 14:02:25 raspberrypi kernel: [    0.279673] libphy: Fixed MDIO Bus: probed
Nov 13 14:02:25 raspberrypi kernel: [    0.279902] usbcore: registered new interface driver lan78xx
Nov 13 14:02:25 raspberrypi systemd[1]: Started Create Volatile Files and Directories.
Nov 13 14:02:25 raspberrypi kernel: [    0.280119] usbcore: registered new interface driver smsc95xx
Nov 13 14:02:25 raspberrypi kernel: [    0.280296] dwc_otg: version 3.00a 10-AUG-2012 (platform bus)
Nov 13 14:02:25 raspberrypi systemd[1]: Starting Update UTMP about System Boot/Shutdown...
Nov 13 14:02:25 raspberrypi kernel: [    0.308368] dwc_otg 3f980000.usb: base=0xf0980000
Nov 13 14:02:25 raspberrypi kernel: [    0.508724] Core Release: 2.80a
Nov 13 14:02:25 raspberrypi kernel: [    0.508832] Setting default values for core params
Nov 13 14:02:25 raspberrypi kernel: [    0.509001] Finished setting default values for core params
Nov 13 14:02:25 raspberrypi kernel: [    0.709445] Using Buffer DMA mode
Nov 13 14:02:25 raspberrypi systemd[1]: Starting Network Time Synchronization...
Nov 13 14:02:25 raspberrypi kernel: [    0.709553] Periodic Transfer Interrupt Enhancement - disabled
Nov 13 14:02:25 raspberrypi kernel: [    0.709722] Multiprocessor Interrupt Enhancement - disabled
Nov 13 14:02:25 raspberrypi kernel: [    0.709885] OTG VER PARAM: 0, OTG VER FLAG: 0
Nov 13 14:02:25 raspberrypi systemd[1]: Started Commit a transient machine-id on disk.
Nov 13 14:02:25 raspberrypi kernel: [    0.710021] Dedicated Tx FIFOs mode
Nov 13 14:02:25 raspberrypi kernel: [    0.710480] WARN::dwc_otg_hcd_init:1046: FIQ DMA bounce buffers: virt = 0xbad04000 dma = 0xfad04000 len=9024
Nov 13 14:02:25 raspberrypi kernel: [    0.710777] FIQ FSM acceleration enabled for :
Nov 13 14:02:25 raspberrypi kernel: [    0.710777] Non-periodic Split Transactions
Nov 13 14:02:25 raspberrypi systemd[1]: Started Update UTMP about System Boot/Shutdown.
Nov 13 14:02:25 raspberrypi kernel: [    0.710777] Periodic Split Transactions
Nov 13 14:02:25 raspberrypi kernel: [    0.710777] High-Speed Isochronous Endpoints
Nov 13 14:02:25 raspberrypi kernel: [    0.710777] Interrupt/Control Split Transaction hack enabled
Nov 13 14:02:25 raspberrypi systemd[1]: Started Raise network interfaces.
Nov 13 14:02:25 raspberrypi kernel: [    0.718162] dwc_otg: Microframe scheduler enabled
Nov 13 14:02:25 raspberrypi kernel: [    0.718222] WARN::hcd_init_fiq:459: FIQ on core 1 at 0x805ea470
Nov 13 14:02:25 raspberrypi kernel: [    0.725078] WARN::hcd_init_fiq:460: FIQ ASM at 0x805ea7d8 length 36
Nov 13 14:02:25 raspberrypi kernel: [    0.731947] WARN::hcd_init_fiq:486: MPHI regs_base at 0xf0006000
Nov 13 14:02:25 raspberrypi kernel: [    0.738808] dwc_otg 3f980000.usb: DWC OTG Controller
Nov 13 14:02:25 raspberrypi systemd[1]: Started Network Time Synchronization.
Nov 13 14:02:25 raspberrypi kernel: [    0.745585] dwc_otg 3f980000.usb: new USB bus registered, assigned bus number 1
Nov 13 14:02:25 raspberrypi kernel: [    0.752455] dwc_otg 3f980000.usb: irq 62, io mem 0x00000000
Nov 13 14:02:25 raspberrypi systemd[1]: Reached target System Initialization.
Nov 13 14:02:25 raspberrypi kernel: [    0.759203] Init: Port Power? op_state=1
Nov 13 14:02:25 raspberrypi kernel: [    0.765918] Init: Power Port (0)
Nov 13 14:02:25 raspberrypi systemd[1]: Listening on D-Bus System Message Bus Socket.
Nov 13 14:02:25 raspberrypi kernel: [    0.772786] usb usb1: New USB device found, idVendor=1d6b, idProduct=0002
Nov 13 14:02:25 raspberrypi kernel: [    0.779543] usb usb1: New USB device strings: Mfr=3, Product=2, SerialNumber=1
Nov 13 14:02:25 raspberrypi kernel: [    0.786465] usb usb1: Product: DWC OTG Controller
Nov 13 14:02:25 raspberrypi kernel: [    0.793308] usb usb1: Manufacturer: Linux 4.14.79-v7+ dwc_otg_hcd
Nov 13 14:02:25 raspberrypi systemd[1]: Started Daily Cleanup of Temporary Directories.
Nov 13 14:02:25 raspberrypi kernel: [    0.800184] usb usb1: SerialNumber: 3f980000.usb
Nov 13 14:02:25 raspberrypi kernel: [    0.807540] hub 1-0:1.0: USB hub found
Nov 13 14:02:25 raspberrypi kernel: [    0.814263] hub 1-0:1.0: 1 port detected
Nov 13 14:02:25 raspberrypi systemd[1]: Listening on Avahi mDNS/DNS-SD Stack Activation Socket.
Nov 13 14:02:25 raspberrypi kernel: [    0.821442] dwc_otg: FIQ enabled
Nov 13 14:02:25 raspberrypi kernel: [    0.821447] dwc_otg: NAK holdoff enabled
Nov 13 14:02:25 raspberrypi kernel: [    0.821452] dwc_otg: FIQ split-transaction FSM enabled
Nov 13 14:02:25 raspberrypi kernel: [    0.821462] Module dwc_common_port init
Nov 13 14:02:25 raspberrypi systemd[1]: Listening on triggerhappy.socket.
Nov 13 14:02:25 raspberrypi kernel: [    0.821746] usbcore: registered new interface driver usb-storage
Nov 13 14:02:25 raspberrypi kernel: [    0.828554] mousedev: PS/2 mouse device common for all mice
Nov 13 14:02:25 raspberrypi kernel: [    0.835348] IR NEC protocol handler initialized
Nov 13 14:02:25 raspberrypi kernel: [    0.842046] IR RC5(x/sz) protocol handler initialized
Nov 13 14:02:25 raspberrypi systemd[1]: Reached target Sockets.
Nov 13 14:02:25 raspberrypi systemd[1]: Reached target Basic System.
Nov 13 14:02:25 raspberrypi systemd[1]: Starting Configure Bluetooth Modems connected by UART...
Nov 13 14:02:25 raspberrypi kernel: [    0.848759] IR RC6 protocol handler initialized
Nov 13 14:02:25 raspberrypi systemd[1]: Starting Disable WiFi if country not set...
Nov 13 14:02:25 raspberrypi kernel: [    0.855413] IR JVC protocol handler initialized
Nov 13 14:02:25 raspberrypi kernel: [    0.861861] IR Sony protocol handler initialized
Nov 13 14:02:25 raspberrypi kernel: [    0.868361] IR SANYO protocol handler initialized
Nov 13 14:02:25 raspberrypi systemd[1]: Starting Avahi mDNS/DNS-SD Stack...
Nov 13 14:02:25 raspberrypi kernel: [    0.874836] IR Sharp protocol handler initialized
Nov 13 14:02:25 raspberrypi kernel: [    0.881290] IR MCE Keyboard/mouse protocol handler initialized
Nov 13 14:02:25 raspberrypi kernel: [    0.887860] IR XMP protocol handler initialized
Nov 13 14:02:25 raspberrypi kernel: [    0.895105] bcm2835-wdt 3f100000.watchdog: Broadcom BCM2835 watchdog timer
Nov 13 14:02:25 raspberrypi systemd[1]: Starting triggerhappy global hotkey daemon...
Nov 13 14:02:25 raspberrypi kernel: [    0.902080] bcm2835-cpufreq: min=600000 max=1200000
Nov 13 14:02:25 raspberrypi kernel: [    0.909078] sdhci: Secure Digital Host Controller Interface driver
Nov 13 14:02:25 raspberrypi systemd[1]: Starting Regenerate SSH host keys...
Nov 13 14:02:25 raspberrypi kernel: [    0.915828] sdhci: Copyright(c) Pierre Ossman
Nov 13 14:02:25 raspberrypi kernel: [    0.922965] mmc-bcm2835 3f300000.mmc: could not get clk, deferring probe
Nov 13 14:02:25 raspberrypi kernel: [    0.929923] sdhost-bcm2835 3f202000.mmc: could not get clk, deferring probe
Nov 13 14:02:25 raspberrypi kernel: [    0.936721] sdhci-pltfm: SDHCI platform and OF driver helper
Nov 13 14:02:25 raspberrypi systemd[1]: Starting LSB: Switch to ondemand cpu governor (unless shift key is pressed)...
Nov 13 14:02:25 raspberrypi kernel: [    0.944728] ledtrig-cpu: registered to indicate activity on CPUs
Nov 13 14:02:25 raspberrypi kernel: [    0.951528] hidraw: raw HID events driver (C) Jiri Kosina
Nov 13 14:02:25 raspberrypi systemd[1]: Starting Save/Restore Sound Card State...
Nov 13 14:02:25 raspberrypi kernel: [    0.958251] usbcore: registered new interface driver usbhid
Nov 13 14:02:25 raspberrypi kernel: [    0.964919] usbhid: USB HID core driver
Nov 13 14:02:25 raspberrypi alsactl[339]: /usr/sbin/alsactl: load_state:1683: Cannot open /var/lib/alsa/asound.state for reading: No such file or directory
Nov 13 14:02:25 raspberrypi kernel: [    0.972225] vchiq: vchiq_init_state: slot_zero = bad80000, is_master = 0
Nov 13 14:02:25 raspberrypi kernel: [    0.980496] [vc_sm_connected_init]: start
Nov 13 14:02:25 raspberrypi kernel: [    0.990728] [vc_sm_connected_init]: end - returning 0
Nov 13 14:02:25 raspberrypi kernel: [    0.998088] Initializing XFRM netlink socket
Nov 13 14:02:25 raspberrypi kernel: [    1.004838] NET: Registered protocol family 17
Nov 13 14:02:25 raspberrypi systemd[1]: Starting Login Service...
Nov 13 14:02:25 raspberrypi kernel: [    1.011605] Key type dns_resolver registered
Nov 13 14:02:25 raspberrypi kernel: [    1.018714] Registering SWP/SWPB emulation handler
Nov 13 14:02:25 raspberrypi alsactl[339]: Found hardware: "bcm2835_alsa" "Broadcom Mixer" "" "" ""
Nov 13 14:02:25 raspberrypi kernel: [    1.025950] registered taskstats version 1
Nov 13 14:02:25 raspberrypi kernel: [    1.032759] Indeed it is in host mode hprt0 = 00021501
Nov 13 14:02:25 raspberrypi kernel: [    1.047348] uart-pl011 3f201000.serial: cts_event_workaround enabled
Nov 13 14:02:25 raspberrypi kernel: [    1.054220] 3f201000.serial: ttyAMA0 at MMIO 0x3f201000 (irq = 87, base_baud = 0) is a PL011 rev2
Nov 13 14:02:25 raspberrypi alsactl[339]: Hardware is initialized using a generic method
Nov 13 14:02:25 raspberrypi kernel: [    1.063016] mmc-bcm2835 3f300000.mmc: mmc_debug:0 mmc_debug2:0
Nov 13 14:02:25 raspberrypi kernel: [    1.069918] mmc-bcm2835 3f300000.mmc: DMA channel allocated
Nov 13 14:02:25 raspberrypi kernel: [    1.127449] random: fast init done
Nov 13 14:02:25 raspberrypi thd[332]: Found socket passed from systemd
Nov 13 14:02:25 raspberrypi kernel: [    1.136306] sdhost: log_buf @ bad07000 (fad07000)
Nov 13 14:02:25 raspberrypi kernel: [    1.175934] mmc1: queuing unknown CIS tuple 0x80 (2 bytes)
Nov 13 14:02:25 raspberrypi kernel: [    1.184215] mmc1: queuing unknown CIS tuple 0x80 (3 bytes)
Nov 13 14:02:25 raspberrypi systemd[1]: Starting dhcpcd on all interfaces...
Nov 13 14:02:25 raspberrypi systemd[1]: Starting System Logging Service...
Nov 13 14:02:25 raspberrypi systemd[1]: Starting LSB: Autogenerate and use a swap file...
Nov 13 14:02:25 raspberrypi kernel: [    1.192391] mmc1: queuing unknown CIS tuple 0x80 (3 bytes)
Nov 13 14:02:25 raspberrypi kernel: [    1.201788] mmc1: queuing unknown CIS tuple 0x80 (7 bytes)
Nov 13 14:02:25 raspberrypi systemd[1]: Started D-Bus System Message Bus.
Nov 13 14:02:25 raspberrypi kernel: [    1.221427] mmc0: sdhost-bcm2835 loaded - DMA enabled (>1)
Nov 13 14:02:25 raspberrypi kernel: [    1.228928] of_cfs_init
Nov 13 14:02:25 raspberrypi kernel: [    1.235532] of_cfs_init: OK
Nov 13 14:02:25 raspberrypi kernel: [    1.241436] usb 1-1: new high-speed USB device number 2 using dwc_otg
Nov 13 14:02:25 raspberrypi dd[333]: 1+0 records in
Nov 13 14:02:25 raspberrypi kernel: [    1.241555] Indeed it is in host mode hprt0 = 00001101
Nov 13 14:02:25 raspberrypi kernel: [    1.255385] Waiting for root device PARTUUID=ab4d4c6a-02...
Nov 13 14:02:25 raspberrypi kernel: [    1.330572] mmc1: new high speed SDIO card at address 0001
Nov 13 14:02:25 raspberrypi kernel: [    1.361450] mmc0: host does not support reading read-only switch, assuming write-enable
Nov 13 14:02:25 raspberrypi dd[333]: 1+0 records out
Nov 13 14:02:25 raspberrypi kernel: [    1.371800] mmc0: new high speed SDHC card at address aaaa
Nov 13 14:02:25 raspberrypi kernel: [    1.378813] mmcblk0: mmc0:aaaa SC32G 29.7 GiB
Nov 13 14:02:25 raspberrypi kernel: [    1.389703]  mmcblk0: p1 p2
Nov 13 14:02:25 raspberrypi kernel: [    1.423566] EXT4-fs (mmcblk0p2): mounted filesystem with ordered data mode. Opts: (null)
Nov 13 14:02:25 raspberrypi dd[333]: 4096 bytes (4.1 kB, 4.0 KiB) copied, 0.117913 s, 34.7 kB/s
Nov 13 14:02:25 raspberrypi kernel: [    1.430357] VFS: Mounted root (ext4 filesystem) readonly on device 179:2.
Nov 13 14:02:25 raspberrypi kernel: [    1.446718] devtmpfs: mounted
Nov 13 14:02:25 raspberrypi kernel: [    1.456896] Freeing unused kernel memory: 1024K
Nov 13 14:02:25 raspberrypi avahi-daemon[330]: Found user 'avahi' (UID 108) and group 'avahi' (GID 112).
Nov 13 14:02:25 raspberrypi kernel: [    1.481695] usb 1-1: New USB device found, idVendor=0424, idProduct=9514
Nov 13 14:02:25 raspberrypi kernel: [    1.488547] usb 1-1: New USB device strings: Mfr=0, Product=0, SerialNumber=0
Nov 13 14:02:25 raspberrypi kernel: [    1.496135] hub 1-1:1.0: USB hub found
Nov 13 14:02:25 raspberrypi kernel: [    1.503046] hub 1-1:1.0: 5 ports detected
Nov 13 14:02:25 raspberrypi avahi-daemon[330]: Successfully dropped root privileges.
Nov 13 14:02:25 raspberrypi kernel: [    1.821451] usb 1-1.1: new high-speed USB device number 3 using dwc_otg
Nov 13 14:02:25 raspberrypi avahi-daemon[330]: avahi-daemon 0.6.32 starting up.
Nov 13 14:02:25 raspberrypi kernel: [    1.951785] usb 1-1.1: New USB device found, idVendor=0424, idProduct=ec00
Nov 13 14:02:25 raspberrypi dhcpcd[349]: dev: loaded udev
Nov 13 14:02:25 raspberrypi kernel: [    1.958836] usb 1-1.1: New USB device strings: Mfr=0, Product=0, SerialNumber=0
Nov 13 14:02:25 raspberrypi kernel: [    1.968805] smsc95xx v1.0.6
Nov 13 14:02:25 raspberrypi kernel: [    2.039683] NET: Registered protocol family 10
Nov 13 14:02:25 raspberrypi kernel: [    2.048000] Segment Routing with IPv6
Nov 13 14:02:25 raspberrypi liblogging-stdlog:  [origin software="rsyslogd" swVersion="8.24.0" x-pid="351" x-info="http://www.rsyslog.com"] start
Nov 13 14:02:25 raspberrypi kernel: [    2.065144] smsc95xx 1-1.1:1.0 eth0: register 'smsc95xx' at usb-3f980000.usb-1.1, smsc95xx USB 2.0 Ethernet, b8:27:eb:b8:19:cf
Nov 13 14:02:25 raspberrypi kernel: [    2.073813] ip_tables: (C) 2000-2006 Netfilter Core Team
Nov 13 14:02:25 raspberrypi kernel: [    2.100719] random: systemd: uninitialized urandom read (16 bytes read)
Nov 13 14:02:25 raspberrypi kernel: [    2.186844] random: systemd: uninitialized urandom read (16 bytes read)
Nov 13 14:02:25 raspberrypi kernel: [    2.245516] random: systemd: uninitialized urandom read (16 bytes read)
Nov 13 14:02:25 raspberrypi kernel: [    2.381483] usb 1-1.4: new low-speed USB device number 4 using dwc_otg
Nov 13 14:02:25 raspberrypi kernel: [    2.574315] usb 1-1.4: New USB device found, idVendor=04b4, idProduct=0101
Nov 13 14:02:25 raspberrypi kernel: [    2.582305] usb 1-1.4: New USB device strings: Mfr=1, Product=2, SerialNumber=0
Nov 13 14:02:25 raspberrypi kernel: [    2.590199] usb 1-1.4: Product: Cypress USB Keyboard / PS2 Mouse
Nov 13 14:02:25 raspberrypi kernel: [    2.598096] usb 1-1.4: Manufacturer: Cypress
Nov 13 14:02:25 raspberrypi kernel: [    2.663251] input: Cypress Cypress USB Keyboard / PS2 Mouse as /devices/platform/soc/3f980000.usb/usb1/1-1/1-1.4/1-1.4:1.0/0003:04B4:0101.0001/input/input0
Nov 13 14:02:25 raspberrypi kernel: [    2.754730] hid-generic 0003:04B4:0101.0001: input,hidraw0: USB HID v1.00 Keyboard [Cypress Cypress USB Keyboard / PS2 Mouse] on usb-3f980000.usb-1.4/input0
Nov 13 14:02:25 raspberrypi kernel: [    2.786482] input: Cypress Cypress USB Keyboard / PS2 Mouse as /devices/platform/soc/3f980000.usb/usb1/1-1/1-1.4/1-1.4:1.1/0003:04B4:0101.0002/input/input1
Nov 13 14:02:25 raspberrypi kernel: [    2.852416] hid-generic 0003:04B4:0101.0002: input,hidraw1: USB HID v1.00 Mouse [Cypress Cypress USB Keyboard / PS2 Mouse] on usb-3f980000.usb-1.4/input1
Nov 13 14:02:25 raspberrypi kernel: [    3.575098] EXT4-fs (mmcblk0p2): re-mounted. Opts: (null)
Nov 13 14:02:25 raspberrypi kernel: [    4.227454] snd_bcm2835: module is from the staging directory, the quality is unknown, you have been warned.
Nov 13 14:02:25 raspberrypi kernel: [    4.239237] bcm2835_alsa bcm2835_alsa: card created with 8 channels
Nov 13 14:02:25 raspberrypi kernel: [    4.371801] brcmfmac: F1 signature read @0x18000000=0x1541a9a6
Nov 13 14:02:25 raspberrypi kernel: [    4.378897] brcmfmac: brcmf_fw_map_chip_to_name: using brcm/brcmfmac43430-sdio.bin for chip 0x00a9a6(43430) rev 0x000001
Nov 13 14:02:25 raspberrypi kernel: [    4.379166] usbcore: registered new interface driver brcmfmac
Nov 13 14:02:25 raspberrypi kernel: [    4.663220] brcmfmac: brcmf_c_preinit_dcmds: Firmware version = wl0: Oct 23 2017 03:55:53 version 7.45.98.38 (r674442 CY) FWID 01-e58d219f
Nov 13 14:02:25 raspberrypi kernel: [    4.664075] brcmfmac: brcmf_c_preinit_dcmds: CLM version = API: 12.2 Data: 7.11.15 Compiler: 1.24.2 ClmImport: 1.24.1 Creation: 2014-05-26 10:53:55 Inc Data: 9.10.39 Inc Compiler: 1.29.4 Inc ClmImport: 1.36.3 Creation: 2017-10-23 03:47:14 
Nov 13 14:02:25 raspberrypi kernel: [    5.589039] uart-pl011 3f201000.serial: no DMA platform data
Nov 13 14:02:25 raspberrypi kernel: [    5.633204] random: crng init done
Nov 13 14:02:25 raspberrypi kernel: [    5.633221] random: 7 urandom warning(s) missed due to ratelimiting
Nov 13 14:02:25 raspberrypi avahi-daemon[330]: Successfully called chroot().
Nov 13 14:02:25 raspberrypi avahi-daemon[330]: Successfully dropped remaining capabilities.
Nov 13 14:02:25 raspberrypi avahi-daemon[330]: No service file found in /etc/avahi/services.
Nov 13 14:02:25 raspberrypi avahi-daemon[330]: Network interface enumeration completed.
Nov 13 14:02:25 raspberrypi avahi-daemon[330]: Server startup complete. Host name is raspberrypi.local. Local service cookie is 3218364080.
Nov 13 14:02:25 raspberrypi systemd[1]: Started Avahi mDNS/DNS-SD Stack.
Nov 13 14:02:25 raspberrypi systemd[1]: Starting LSB: Resize the root filesystem to fill partition...
Nov 13 14:02:25 raspberrypi systemd[1]: Started Regular background program processing daemon.
Nov 13 14:02:25 raspberrypi systemd[1]: Reached target System Time Synchronized.
Nov 13 14:02:25 raspberrypi cron[382]: (CRON) INFO (pidfile fd = 3)
Nov 13 14:02:25 raspberrypi systemd[1]: apt-daily.timer: Adding 1h 46min 44.222817s random time.
Nov 13 14:02:25 raspberrypi systemd[1]: Started Daily apt download activities.
Nov 13 14:02:25 raspberrypi cron[382]: (CRON) INFO (Running @reboot jobs)
Nov 13 14:02:25 raspberrypi systemd[1]: apt-daily-upgrade.timer: Adding 4min 48.188425s random time.
Nov 13 14:02:25 raspberrypi systemd[1]: Started Daily apt upgrade and clean activities.
Nov 13 14:02:25 raspberrypi systemd[1]: Reached target Timers.
Nov 13 14:02:25 raspberrypi systemd[1]: Started triggerhappy global hotkey daemon.
Nov 13 14:02:25 raspberrypi systemd[1]: Started System Logging Service.
Nov 13 14:02:25 raspberrypi systemd[1]: Started Disable WiFi if country not set.
Nov 13 14:02:25 raspberrypi systemd[1]: Started Save/Restore Sound Card State.
Nov 13 14:02:25 raspberrypi dhcpcd[349]: wlan0: starting wpa_supplicant
Nov 13 14:02:25 raspberrypi dhcpcd-run-hooks[391]: wlan0: starting wpa_supplicant
Nov 13 14:02:25 raspberrypi systemd[1]: Starting Load/Save RF Kill Switch Status...
Nov 13 14:02:25 raspberrypi systemd[1]: Started Login Service.
Nov 13 14:02:25 raspberrypi dphys-swapfile[354]: Starting dphys-swapfile swapfile setup ...
Nov 13 14:02:26 raspberrypi systemd[1]: Started Load/Save RF Kill Switch Status.
Nov 13 14:02:26 raspberrypi resize2fs_once[379]: Starting resize2fs_once:resize2fs 1.43.4 (31-Jan-2017)
Nov 13 14:02:26 raspberrypi kernel: [    6.071665] EXT4-fs (mmcblk0p2): resizing filesystem from 443392 to 7779456 blocks
Nov 13 14:02:26 raspberrypi kernel: [    6.118579] IPv6: ADDRCONF(NETDEV_UP): wlan0: link is not ready
Nov 13 14:02:26 raspberrypi kernel: [    6.118599] brcmfmac: power management disabled
Nov 13 14:02:26 raspberrypi dhcpcd[349]: eth0: waiting for carrier
Nov 13 14:02:26 raspberrypi dhcpcd[349]: wlan0: waiting for carrier
Nov 13 14:02:26 raspberrypi dhcpcd[349]: wlan0: carrier acquired
Nov 13 14:02:26 raspberrypi kernel: [    6.793516] smsc95xx 1-1.1:1.0 eth0: hardware isn't capable of remote wakeup
Nov 13 14:02:26 raspberrypi kernel: [    6.794046] IPv6: ADDRCONF(NETDEV_UP): eth0: link is not ready
Nov 13 14:02:27 raspberrypi raspi-config[338]: Checking if shift key is held down: No. Switching to ondemand scaling governor.
Nov 13 14:02:27 raspberrypi systemd[1]: Started LSB: Switch to ondemand cpu governor (unless shift key is pressed).
Nov 13 14:02:28 raspberrypi dhcpcd[349]: DUID 00:01:00:01:23:7d:95:f4:b8:27:eb:ed:4c:9a
Nov 13 14:02:28 raspberrypi dhcpcd[349]: wlan0: IAID eb:ed:4c:9a
Nov 13 14:02:28 raspberrypi dhcpcd[349]: wlan0: adding address fe80::8cdf:bee8:8e25:c9a8
Nov 13 14:02:28 raspberrypi dhcpcd[349]: wlan0: carrier lost
Nov 13 14:02:28 raspberrypi dhcpcd[349]: wlan0: deleting address fe80::8cdf:bee8:8e25:c9a8
Nov 13 14:02:30 raspberrypi kernel: [   10.970533] Bluetooth: Core ver 2.22
Nov 13 14:02:30 raspberrypi kernel: [   10.970681] NET: Registered protocol family 31
Nov 13 14:02:30 raspberrypi kernel: [   10.970694] Bluetooth: HCI device and connection manager initialized
Nov 13 14:02:30 raspberrypi kernel: [   10.973941] Bluetooth: HCI socket layer initialized
Nov 13 14:02:30 raspberrypi kernel: [   10.973961] Bluetooth: L2CAP socket layer initialized
Nov 13 14:02:30 raspberrypi kernel: [   10.974003] Bluetooth: SCO socket layer initialized
Nov 13 14:02:31 raspberrypi dphys-swapfile[354]: want /var/swap=100MByte, generating swapfile ... of 100MBytes
Nov 13 14:02:31 raspberrypi kernel: [   11.219961] Adding 102396k swap on /var/swap.  Priority:-2 extents:1 across:102396k SSFS
Nov 13 14:02:31 raspberrypi dphys-swapfile[354]: done.
Nov 13 14:02:31 raspberrypi systemd[1]: Started LSB: Autogenerate and use a swap file.
Nov 13 14:02:31 raspberrypi kernel: [   11.304830] Bluetooth: HCI UART driver ver 2.3
Nov 13 14:02:31 raspberrypi kernel: [   11.304837] Bluetooth: HCI UART protocol H4 registered
Nov 13 14:02:31 raspberrypi kernel: [   11.304841] Bluetooth: HCI UART protocol Three-wire (H5) registered
Nov 13 14:02:31 raspberrypi kernel: [   11.304968] Bluetooth: HCI UART protocol Broadcom registered
Nov 13 14:02:31 raspberrypi systemd[1]: Started Configure Bluetooth Modems connected by UART.
Nov 13 14:02:31 raspberrypi btuart[325]: bcm43xx_init
Nov 13 14:02:31 raspberrypi btuart[325]: Flash firmware /lib/firmware/brcm/BCM43430A1.hcd
Nov 13 14:02:31 raspberrypi btuart[325]: Set BDADDR UART: b8:27:eb:12:b3:65
Nov 13 14:02:31 raspberrypi btuart[325]: Set Controller UART speed to 921600 bit/s
Nov 13 14:02:31 raspberrypi btuart[325]: Device setup complete
Nov 13 14:02:31 raspberrypi systemd[1]: Starting Load/Save RF Kill Switch Status...
Nov 13 14:02:31 raspberrypi systemd[1]: Started Load/Save RF Kill Switch Status.
Nov 13 14:02:31 raspberrypi systemd[1]: Created slice system-bthelper.slice.
Nov 13 14:02:31 raspberrypi systemd[1]: Starting Bluetooth service...
Nov 13 14:02:33 raspberrypi bluetoothd[460]: Bluetooth daemon 5.43
Nov 13 14:02:34 raspberrypi ssh-keygen[396]: ssh-keygen: generating new host keys: RSA DSA ECDSA ED25519
Nov 13 14:02:34 raspberrypi systemctl[462]: Removed /etc/systemd/system/multi-user.target.wants/regenerate_ssh_host_keys.service.
Nov 13 14:02:34 raspberrypi systemd[1]: Started Bluetooth service.
Nov 13 14:02:34 raspberrypi systemd[1]: Reloading.
Nov 13 14:02:35 raspberrypi bluetoothd[460]: Starting SDP server
Nov 13 14:02:35 raspberrypi systemd[1]: apt-daily.timer: Adding 4h 40min 29.560738s random time.
Nov 13 14:02:35 raspberrypi systemd[1]: apt-daily-upgrade.timer: Adding 59min 16.060974s random time.
Nov 13 14:02:35 raspberrypi systemd[1]: Reached target Bluetooth.
Nov 13 14:02:35 raspberrypi systemd[1]: Started Raspberry Pi bluetooth helper.
Nov 13 14:02:35 raspberrypi systemd[1]: Started Regenerate SSH host keys.
Nov 13 14:02:35 raspberrypi kernel: [   15.647910] Bluetooth: BNEP (Ethernet Emulation) ver 1.3
Nov 13 14:02:35 raspberrypi kernel: [   15.647928] Bluetooth: BNEP filters: protocol multicast
Nov 13 14:02:35 raspberrypi kernel: [   15.647962] Bluetooth: BNEP socket layer initialized
Nov 13 14:02:35 raspberrypi dbus[356]: [system] Activating via systemd: service name='org.freedesktop.hostname1' unit='dbus-org.freedesktop.hostname1.service'
Nov 13 14:02:35 raspberrypi bluetoothd[460]: Bluetooth management interface 1.14 initialized
Nov 13 14:02:35 raspberrypi bluetoothd[460]: Failed to obtain handles for "Service Changed" characteristic
Nov 13 14:02:35 raspberrypi bluetoothd[460]: Sap driver initialization failed.
Nov 13 14:02:35 raspberrypi bluetoothd[460]: sap-server: Operation not permitted (1)
Nov 13 14:02:35 raspberrypi bthelper[473]: Can't init device hci0: Device or resource busy (16)
Nov 13 14:02:35 raspberrypi systemd[1]: bthelper@hci0.service: Main process exited, code=exited, status=1/FAILURE
Nov 13 14:02:35 raspberrypi systemd[1]: bthelper@hci0.service: Unit entered failed state.
Nov 13 14:02:35 raspberrypi systemd[1]: bthelper@hci0.service: Failed with result 'exit-code'.
Nov 13 14:02:35 raspberrypi systemd[1]: Starting Hostname Service...
Nov 13 14:02:36 raspberrypi dbus[356]: [system] Successfully activated service 'org.freedesktop.hostname1'
Nov 13 14:02:36 raspberrypi systemd[1]: Started Hostname Service.
Nov 13 14:02:37 raspberrypi kernel: [   17.786660] EXT4-fs (mmcblk0p2): resized to 3145728 blocks
Nov 13 14:02:48 raspberrypi kernel: [   28.914451] EXT4-fs (mmcblk0p2): resized to 5767168 blocks
Nov 13 14:02:56 raspberrypi dhcpcd[349]: timed out
Nov 13 14:02:56 raspberrypi dhcpcd[349]: forked to background, child pid 490
Nov 13 14:02:56 raspberrypi systemd[1]: Started dhcpcd on all interfaces.
Nov 13 14:02:56 raspberrypi systemd[1]: Reached target Network.
Nov 13 14:02:56 raspberrypi systemd[1]: Starting Permit User Sessions...
Nov 13 14:02:56 raspberrypi systemd[1]: Starting /etc/rc.local Compatibility...
Nov 13 14:02:56 raspberrypi systemd[1]: Started Permit User Sessions.
Nov 13 14:02:56 raspberrypi systemd[1]: Started /etc/rc.local Compatibility.
Nov 13 14:02:56 raspberrypi systemd[1]: Starting Terminate Plymouth Boot Screen...
Nov 13 14:02:56 raspberrypi systemd[1]: Starting Hold until boot process finishes up...
Nov 13 14:02:57 raspberrypi systemd[1]: Received SIGRTMIN+21 from PID 186 (plymouthd).
Nov 13 14:02:57 raspberrypi systemd[1]: Started Terminate Plymouth Boot Screen.
Nov 13 14:02:57 raspberrypi kernel: [   37.535539] EXT4-fs (mmcblk0p2): resized filesystem to 7779456
Nov 13 14:02:57 raspberrypi systemd[1]: Started Hold until boot process finishes up.
Nov 13 14:02:57 raspberrypi systemd[1]: Started Getty on tty1.
Nov 13 14:02:57 raspberrypi systemd[1]: Reached target Login Prompts.
Nov 13 14:02:58 raspberrypi resize2fs_once[379]: Filesystem at /dev/mmcblk0p2 is mounted on /; on-line resizing required
Nov 13 14:02:58 raspberrypi resize2fs_once[379]: old_desc_blocks = 1, new_desc_blocks = 2
Nov 13 14:02:58 raspberrypi resize2fs_once[379]: The filesystem on /dev/mmcblk0p2 is now 7779456 (4k) blocks long.
Nov 13 14:02:58 raspberrypi systemd[1]: Reloading.
Nov 13 14:02:58 raspberrypi systemd[1]: apt-daily.timer: Adding 6h 51min 15.354676s random time.
Nov 13 14:02:58 raspberrypi systemd[1]: apt-daily-upgrade.timer: Adding 38min 48.014814s random time.
Nov 13 14:02:58 raspberrypi systemd[1]: Reached target Multi-User System.
Nov 13 14:02:58 raspberrypi systemd[1]: Reached target Graphical Interface.
Nov 13 14:02:58 raspberrypi systemd[1]: Starting Update UTMP about System Runlevel Changes...
Nov 13 14:02:58 raspberrypi resize2fs_once[379]: .
Nov 13 14:02:58 raspberrypi systemd[1]: Started LSB: Resize the root filesystem to fill partition.
Nov 13 14:02:58 raspberrypi systemd[1]: Started Update UTMP about System Runlevel Changes.
Nov 13 14:02:58 raspberrypi systemd[1]: Startup finished in 1.853s (kernel) + 36.725s (userspace) = 38.578s.
Nov 13 14:03:26 raspberrypi systemd[1]: Created slice User Slice of pi.
Nov 13 14:03:26 raspberrypi systemd[1]: Starting User Manager for UID 1000...
Nov 13 14:03:26 raspberrypi systemd[1]: Started Session c1 of user pi.
Nov 13 14:03:26 raspberrypi systemd[533]: Listening on GnuPG cryptographic agent (ssh-agent emulation).
Nov 13 14:03:26 raspberrypi systemd[533]: Listening on GnuPG cryptographic agent and passphrase cache.
Nov 13 14:03:26 raspberrypi systemd[533]: Reached target Timers.
Nov 13 14:03:26 raspberrypi systemd[533]: Listening on GnuPG cryptographic agent (access for web browsers).
Nov 13 14:03:26 raspberrypi systemd[533]: Listening on GnuPG cryptographic agent and passphrase cache (restricted).
Nov 13 14:03:26 raspberrypi systemd[533]: Reached target Sockets.
Nov 13 14:03:26 raspberrypi systemd[533]: Reached target Paths.
Nov 13 14:03:26 raspberrypi systemd[533]: Reached target Basic System.
Nov 13 14:03:26 raspberrypi systemd[533]: Reached target Default.
Nov 13 14:03:26 raspberrypi systemd[533]: Startup finished in 61ms.
Nov 13 14:03:26 raspberrypi systemd[1]: Started User Manager for UID 1000.
Nov 13 14:06:31 raspberrypi kernel: [  251.396526] smsc95xx 1-1.1:1.0 eth0: link up, 100Mbps, full-duplex, lpa 0xCDE1
Nov 13 14:06:31 raspberrypi kernel: [  251.398298] IPv6: ADDRCONF(NETDEV_CHANGE): eth0: link becomes ready
Nov 13 14:06:31 raspberrypi dhcpcd[490]: eth0: carrier acquired
Nov 13 14:06:31 raspberrypi dhcpcd[490]: eth0: IAID eb:b8:19:cf
Nov 13 14:06:31 raspberrypi dhcpcd[490]: eth0: adding address fe80::9c6e:5916:f250:d960
Nov 13 14:06:31 raspberrypi dhcpcd[490]: eth0: soliciting an IPv6 router
Nov 13 14:06:31 raspberrypi dhcpcd[490]: eth0: soliciting a DHCP lease
Nov 13 14:06:32 raspberrypi avahi-daemon[330]: Joining mDNS multicast group on interface eth0.IPv6 with address fe80::9c6e:5916:f250:d960.
Nov 13 14:06:32 raspberrypi avahi-daemon[330]: New relevant interface eth0.IPv6 for mDNS.
Nov 13 14:06:32 raspberrypi avahi-daemon[330]: Registering new address record for fe80::9c6e:5916:f250:d960 on eth0.*.
Nov 13 14:06:36 raspberrypi dhcpcd[490]: eth0: probing for an IPv4LL address
Nov 13 14:06:40 raspberrypi dhcpcd[490]: eth0: using IPv4LL address 169.254.39.255
Nov 13 14:06:40 raspberrypi avahi-daemon[330]: Joining mDNS multicast group on interface eth0.IPv4 with address 169.254.39.255.
Nov 13 14:06:40 raspberrypi dhcpcd[490]: eth0: adding route to 169.254.0.0/16
Nov 13 14:06:40 raspberrypi avahi-daemon[330]: New relevant interface eth0.IPv4 for mDNS.
Nov 13 14:06:40 raspberrypi dhcpcd[490]: eth0: adding default route
Nov 13 14:06:40 raspberrypi avahi-daemon[330]: Registering new address record for 169.254.39.255 on eth0.IPv4.
Nov 13 14:06:44 raspberrypi dhcpcd[490]: eth0: no IPv6 Routers available
Nov 13 14:17:01 raspberrypi CRON[588]: (root) CMD (   cd / && run-parts --report /etc/cron.hourly)
Nov 13 14:17:31 raspberrypi systemd[1]: Starting Cleanup of Temporary Directories...
Nov 13 14:17:31 raspberrypi systemd[1]: Started Cleanup of Temporary Directories.
Nov 13 14:24:57 raspberrypi systemd[1]: Stopped target Bluetooth.
Nov 13 14:24:57 raspberrypi systemd[1]: Stopping Save/Restore Sound Card State...
Nov 13 14:24:57 raspberrypi systemd[1]: Stopping LSB: Resize the root filesystem to fill partition...
Nov 13 14:24:57 raspberrypi bluetoothd[460]: Terminating
Nov 13 14:24:57 raspberrypi systemd[610]: resize2fs_once.service: Failed at step EXEC spawning /etc/init.d/resize2fs_once: No such file or directory
Nov 13 14:24:57 raspberrypi systemd[1]: Stopping Bluetooth service...
Nov 13 14:24:57 raspberrypi systemd[1]: Closed Load/Save RF Kill Switch Status /dev/rfkill Watch.
Nov 13 14:24:57 raspberrypi systemd[1]: Stopping Session c1 of user pi.
Nov 13 14:24:57 raspberrypi systemd[1]: Unmounting RPC Pipe File System...
Nov 13 14:25:00 raspberrypi kernel: [    0.000000] Booting Linux on physical CPU 0x0
Nov 13 14:25:00 raspberrypi kernel: [    0.000000] Linux version 4.14.79-v7+ (dc4@dc4-XPS13-9333) (gcc version 4.9.3 (crosstool-NG crosstool-ng-1.22.0-88-g8460611)) #1159 SMP Sun Nov 4 17:50:20 GMT 2018
Nov 13 14:25:00 raspberrypi kernel: [    0.000000] CPU: ARMv7 Processor [410fd034] revision 4 (ARMv7), cr=10c5383d
Nov 13 14:25:00 raspberrypi kernel: [    0.000000] CPU: div instructions available: patching division code
Nov 13 14:25:00 raspberrypi kernel: [    0.000000] CPU: PIPT / VIPT nonaliasing data cache, VIPT aliasing instruction cache
Nov 13 14:25:00 raspberrypi kernel: [    0.000000] OF: fdt: Machine model: Raspberry Pi 3 Model B Rev 1.2
Nov 13 14:25:00 raspberrypi kernel: [    0.000000] Memory policy: Data cache writealloc
Nov 13 14:25:00 raspberrypi kernel: [    0.000000] cma: Reserved 8 MiB at 0x3ac00000
Nov 13 14:25:00 raspberrypi kernel: [    0.000000] On node 0 totalpages: 242688
Nov 13 14:25:00 raspberrypi kernel: [    0.000000] free_area_init_node: node 0, pgdat 80c85280, node_mem_map ba39f000
Nov 13 14:25:00 raspberrypi kernel: [    0.000000]   Normal zone: 2133 pages used for memmap
Nov 13 14:25:00 raspberrypi kernel: [    0.000000]   Normal zone: 0 pages reserved
Nov 13 14:25:00 raspberrypi kernel: [    0.000000]   Normal zone: 242688 pages, LIFO batch:31
Nov 13 14:25:00 raspberrypi kernel: [    0.000000] percpu: Embedded 17 pages/cpu @ba348000 s38720 r8192 d22720 u69632
Nov 13 14:25:00 raspberrypi kernel: [    0.000000] pcpu-alloc: s38720 r8192 d22720 u69632 alloc=17*4096
Nov 13 14:25:00 raspberrypi kernel: [    0.000000] pcpu-alloc: [0] 0 [0] 1 [0] 2 [0] 3 
Nov 13 14:25:00 raspberrypi kernel: [    0.000000] Built 1 zonelists, mobility grouping on.  Total pages: 240555
Nov 13 14:25:00 raspberrypi kernel: [    0.000000] Kernel command line: 8250.nr_uarts=0 bcm2708_fb.fbwidth=1824 bcm2708_fb.fbheight=984 bcm2708_fb.fbswap=1 vc_mem.mem_base=0x3ec00000 vc_mem.mem_size=0x40000000  dwc_otg.lpm_enable=0 console=ttyS0,115200 console=tty1 root=PARTUUID=ab4d4c6a-02 rootfstype=ext4 elevator=deadline fsck.repair=yes rootwait
Nov 13 14:25:00 raspberrypi kernel: [    0.000000] PID hash table entries: 4096 (order: 2, 16384 bytes)
Nov 13 14:25:00 raspberrypi kernel: [    0.000000] Dentry cache hash table entries: 131072 (order: 7, 524288 bytes)
Nov 13 14:25:00 raspberrypi kernel: [    0.000000] Inode-cache hash table entries: 65536 (order: 6, 262144 bytes)
Nov 13 14:25:00 raspberrypi kernel: [    0.000000] Memory: 940232K/970752K available (7168K kernel code, 576K rwdata, 2076K rodata, 1024K init, 698K bss, 22328K reserved, 8192K cma-reserved)
Nov 13 14:25:00 raspberrypi kernel: [    0.000000] Virtual kernel memory layout:
Nov 13 14:25:00 raspberrypi kernel: [    0.000000]     vector  : 0xffff0000 - 0xffff1000   (   4 kB)
Nov 13 14:25:00 raspberrypi kernel: [    0.000000]     fixmap  : 0xffc00000 - 0xfff00000   (3072 kB)
Nov 13 14:25:00 raspberrypi kernel: [    0.000000]     vmalloc : 0xbb800000 - 0xff800000   (1088 MB)
Nov 13 14:25:00 raspberrypi kernel: [    0.000000]     lowmem  : 0x80000000 - 0xbb400000   ( 948 MB)
Nov 13 14:25:00 raspberrypi kernel: [    0.000000]     modules : 0x7f000000 - 0x80000000   (  16 MB)
Nov 13 14:25:00 raspberrypi kernel: [    0.000000]       .text : 0x80008000 - 0x80800000   (8160 kB)
Nov 13 14:25:00 raspberrypi kernel: [    0.000000]       .init : 0x80b00000 - 0x80c00000   (1024 kB)
Nov 13 14:25:00 raspberrypi kernel: [    0.000000]       .data : 0x80c00000 - 0x80c9017c   ( 577 kB)
Nov 13 14:25:00 raspberrypi kernel: [    0.000000]        .bss : 0x80c97f04 - 0x80d468b0   ( 699 kB)
Nov 13 14:25:00 raspberrypi kernel: [    0.000000] SLUB: HWalign=64, Order=0-3, MinObjects=0, CPUs=4, Nodes=1
Nov 13 14:25:00 raspberrypi kernel: [    0.000000] ftrace: allocating 25287 entries in 75 pages
Nov 13 14:25:00 raspberrypi kernel: [    0.000000] Hierarchical RCU implementation.
Nov 13 14:25:00 raspberrypi kernel: [    0.000000] NR_IRQS: 16, nr_irqs: 16, preallocated irqs: 16
Nov 13 14:25:00 raspberrypi kernel: [    0.000000] arch_timer: cp15 timer(s) running at 19.20MHz (phys).
Nov 13 14:25:00 raspberrypi kernel: [    0.000000] clocksource: arch_sys_counter: mask: 0xffffffffffffff max_cycles: 0x46d987e47, max_idle_ns: 440795202767 ns
Nov 13 14:25:00 raspberrypi kernel: [    0.000007] sched_clock: 56 bits at 19MHz, resolution 52ns, wraps every 4398046511078ns
Nov 13 14:25:00 raspberrypi kernel: [    0.000023] Switching to timer-based delay loop, resolution 52ns
Nov 13 14:25:00 raspberrypi kernel: [    0.000271] Console: colour dummy device 80x30
Nov 13 14:25:00 raspberrypi kernel: [    0.000805] console [tty1] enabled
Nov 13 14:25:00 raspberrypi kernel: [    0.000843] Calibrating delay loop (skipped), value calculated using timer frequency.. 38.40 BogoMIPS (lpj=192000)
Nov 13 14:25:00 raspberrypi kernel: [    0.000883] pid_max: default: 32768 minimum: 301
Nov 13 14:25:00 raspberrypi kernel: [    0.001218] Mount-cache hash table entries: 2048 (order: 1, 8192 bytes)
Nov 13 14:25:00 raspberrypi kernel: [    0.001251] Mountpoint-cache hash table entries: 2048 (order: 1, 8192 bytes)
Nov 13 14:25:00 raspberrypi kernel: [    0.002205] Disabling memory control group subsystem
Nov 13 14:25:00 raspberrypi kernel: [    0.002301] CPU: Testing write buffer coherency: ok
Nov 13 14:25:00 raspberrypi kernel: [    0.002728] CPU0: thread -1, cpu 0, socket 0, mpidr 80000000
Nov 13 14:25:00 raspberrypi kernel: [    0.003146] Setting up static identity map for 0x100000 - 0x10003c
Nov 13 14:25:00 raspberrypi kernel: [    0.003285] Hierarchical SRCU implementation.
Nov 13 14:25:00 raspberrypi kernel: [    0.003971] smp: Bringing up secondary CPUs ...
Nov 13 14:25:00 raspberrypi kernel: [    0.004775] CPU1: thread -1, cpu 1, socket 0, mpidr 80000001
Nov 13 14:25:00 raspberrypi kernel: [    0.005612] CPU2: thread -1, cpu 2, socket 0, mpidr 80000002
Nov 13 14:25:00 raspberrypi kernel: [    0.006431] CPU3: thread -1, cpu 3, socket 0, mpidr 80000003
Nov 13 14:25:00 raspberrypi kernel: [    0.006537] smp: Brought up 1 node, 4 CPUs
Nov 13 14:25:00 raspberrypi kernel: [    0.006609] SMP: Total of 4 processors activated (153.60 BogoMIPS).
Nov 13 14:25:00 raspberrypi kernel: [    0.006630] CPU: All CPU(s) started in HYP mode.
Nov 13 14:25:00 raspberrypi kernel: [    0.006648] CPU: Virtualization extensions available.
Nov 13 14:25:00 raspberrypi kernel: [    0.007589] devtmpfs: initialized
Nov 13 14:25:00 raspberrypi kernel: [    0.017711] random: get_random_u32 called from bucket_table_alloc+0xfc/0x24c with crng_init=0
Nov 13 14:25:00 raspberrypi kernel: [    0.018381] VFP support v0.3: implementor 41 architecture 3 part 40 variant 3 rev 4
Nov 13 14:25:00 raspberrypi kernel: [    0.018627] clocksource: jiffies: mask: 0xffffffff max_cycles: 0xffffffff, max_idle_ns: 19112604462750000 ns
Nov 13 14:25:00 raspberrypi kernel: [    0.018671] futex hash table entries: 1024 (order: 4, 65536 bytes)
Nov 13 14:25:00 raspberrypi kernel: [    0.019241] pinctrl core: initialized pinctrl subsystem
Nov 13 14:25:00 raspberrypi kernel: [    0.020047] NET: Registered protocol family 16
Nov 13 14:25:00 raspberrypi kernel: [    0.022643] DMA: preallocated 1024 KiB pool for atomic coherent allocations
Nov 13 14:25:00 raspberrypi kernel: [    0.027421] hw-breakpoint: found 5 (+1 reserved) breakpoint and 4 watchpoint registers.
Nov 13 14:25:00 raspberrypi kernel: [    0.027453] hw-breakpoint: maximum watchpoint size is 8 bytes.
Nov 13 14:25:00 raspberrypi kernel: [    0.027677] Serial: AMBA PL011 UART driver
Nov 13 14:25:00 raspberrypi kernel: [    0.029352] bcm2835-mbox 3f00b880.mailbox: mailbox enabled
Nov 13 14:25:00 raspberrypi kernel: [    0.029833] uart-pl011 3f201000.serial: could not find pctldev for node /soc/gpio@7e200000/uart0_pins, deferring probe
Nov 13 14:25:00 raspberrypi kernel: [    0.061517] bcm2835-dma 3f007000.dma: DMA legacy API manager at bb813000, dmachans=0x1
Nov 13 14:25:00 raspberrypi kernel: [    0.062965] SCSI subsystem initialized
Nov 13 14:25:00 raspberrypi kernel: [    0.063201] usbcore: registered new interface driver usbfs
Nov 13 14:25:00 raspberrypi kernel: [    0.063271] usbcore: registered new interface driver hub
Nov 13 14:25:00 raspberrypi kernel: [    0.063378] usbcore: registered new device driver usb
Nov 13 14:25:00 raspberrypi kernel: [    0.070076] raspberrypi-firmware soc:firmware: Attached to firmware from 2018-11-04 16:31
Nov 13 14:25:00 raspberrypi kernel: [    0.071400] clocksource: Switched to clocksource arch_sys_counter
Nov 13 14:25:00 raspberrypi kernel: [    0.148362] VFS: Disk quotas dquot_6.6.0
Nov 13 14:25:00 raspberrypi kernel: [    0.148476] VFS: Dquot-cache hash table entries: 1024 (order 0, 4096 bytes)
Nov 13 14:25:00 raspberrypi kernel: [    0.148680] FS-Cache: Loaded
Nov 13 14:25:00 raspberrypi kernel: [    0.148891] CacheFiles: Loaded
Nov 13 14:25:00 raspberrypi kernel: [    0.157787] NET: Registered protocol family 2
Nov 13 14:25:00 raspberrypi kernel: [    0.158522] TCP established hash table entries: 8192 (order: 3, 32768 bytes)
Nov 13 14:25:00 raspberrypi kernel: [    0.158652] TCP bind hash table entries: 8192 (order: 4, 65536 bytes)
Nov 13 14:25:00 raspberrypi kernel: [    0.158854] TCP: Hash tables configured (established 8192 bind 8192)
Nov 13 14:25:00 raspberrypi kernel: [    0.159001] UDP hash table entries: 512 (order: 2, 16384 bytes)
Nov 13 14:25:00 raspberrypi kernel: [    0.159062] UDP-Lite hash table entries: 512 (order: 2, 16384 bytes)
Nov 13 14:25:00 raspberrypi kernel: [    0.159309] NET: Registered protocol family 1
Nov 13 14:25:00 raspberrypi kernel: [    0.159784] RPC: Registered named UNIX socket transport module.
Nov 13 14:25:00 raspberrypi kernel: [    0.159808] RPC: Registered udp transport module.
Nov 13 14:25:00 raspberrypi kernel: [    0.159828] RPC: Registered tcp transport module.
Nov 13 14:25:00 raspberrypi kernel: [    0.159847] RPC: Registered tcp NFSv4.1 backchannel transport module.
Nov 13 14:25:00 raspberrypi kernel: [    0.161330] hw perfevents: enabled with armv7_cortex_a7 PMU driver, 7 counters available
Nov 13 14:25:00 raspberrypi kernel: [    0.164113] workingset: timestamp_bits=14 max_order=18 bucket_order=4
Nov 13 14:25:00 raspberrypi kernel: [    0.172108] FS-Cache: Netfs 'nfs' registered for caching
Nov 13 14:25:00 raspberrypi kernel: [    0.172726] NFS: Registering the id_resolver key type
Nov 13 14:25:00 raspberrypi kernel: [    0.172774] Key type id_resolver registered
Nov 13 14:25:00 raspberrypi kernel: [    0.172793] Key type id_legacy registered
Nov 13 14:25:00 raspberrypi kernel: [    0.172822] nfs4filelayout_init: NFSv4 File Layout Driver Registering...
Nov 13 14:25:00 raspberrypi kernel: [    0.174754] Block layer SCSI generic (bsg) driver version 0.4 loaded (major 251)
Nov 13 14:25:00 raspberrypi kernel: [    0.174910] io scheduler noop registered
Nov 13 14:25:00 raspberrypi kernel: [    0.174932] io scheduler deadline registered (default)
Nov 13 14:25:00 raspberrypi kernel: [    0.175116] io scheduler cfq registered
Nov 13 14:25:00 raspberrypi kernel: [    0.175137] io scheduler mq-deadline registered
Nov 13 14:25:00 raspberrypi kernel: [    0.175157] io scheduler kyber registered
Nov 13 14:25:00 raspberrypi kernel: [    0.177882] BCM2708FB: allocated DMA memory fad10000
Nov 13 14:25:00 raspberrypi kernel: [    0.177927] BCM2708FB: allocated DMA channel 0 @ bb813000
Nov 13 14:25:00 raspberrypi kernel: [    0.227838] Console: switching to colour frame buffer device 228x61
Nov 13 14:25:00 raspberrypi kernel: [    0.258329] bcm2835-rng 3f104000.rng: hwrng registered
Nov 13 14:25:00 raspberrypi kernel: [    0.258619] vc-mem: phys_addr:0x00000000 mem_base=0x3ec00000 mem_size:0x40000000(1024 MiB)
Nov 13 14:25:00 raspberrypi kernel: [    0.259351] vc-sm: Videocore shared memory driver
Nov 13 14:25:00 raspberrypi kernel: [    0.259770] gpiomem-bcm2835 3f200000.gpiomem: Initialised: Registers at 0x3f200000
Nov 13 14:25:00 raspberrypi kernel: [    0.269605] brd: module loaded
Nov 13 14:25:00 raspberrypi kernel: [    0.278648] loop: module loaded
Nov 13 14:25:00 raspberrypi kernel: [    0.278782] Loading iSCSI transport class v2.0-870.
Nov 13 14:25:00 raspberrypi kernel: [    0.279609] libphy: Fixed MDIO Bus: probed
Nov 13 14:25:00 raspberrypi kernel: [    0.279838] usbcore: registered new interface driver lan78xx
Nov 13 14:25:00 raspberrypi kernel: [    0.280052] usbcore: registered new interface driver smsc95xx
Nov 13 14:25:00 raspberrypi kernel: [    0.280231] dwc_otg: version 3.00a 10-AUG-2012 (platform bus)
Nov 13 14:25:00 raspberrypi kernel: [    0.308301] dwc_otg 3f980000.usb: base=0xf0980000
Nov 13 14:25:00 raspberrypi kernel: [    0.508661] Core Release: 2.80a
Nov 13 14:25:00 raspberrypi kernel: [    0.508772] Setting default values for core params
Nov 13 14:25:00 raspberrypi kernel: [    0.508943] Finished setting default values for core params
Nov 13 14:25:00 raspberrypi kernel: [    0.709371] Using Buffer DMA mode
Nov 13 14:25:00 raspberrypi kernel: [    0.709478] Periodic Transfer Interrupt Enhancement - disabled
Nov 13 14:25:00 raspberrypi kernel: [    0.709646] Multiprocessor Interrupt Enhancement - disabled
Nov 13 14:25:00 raspberrypi kernel: [    0.709808] OTG VER PARAM: 0, OTG VER FLAG: 0
Nov 13 14:25:00 raspberrypi kernel: [    0.709940] Dedicated Tx FIFOs mode
Nov 13 14:25:00 raspberrypi kernel: [    0.710366] WARN::dwc_otg_hcd_init:1046: FIQ DMA bounce buffers: virt = 0xbad04000 dma = 0xfad04000 len=9024
Nov 13 14:25:00 raspberrypi kernel: [    0.710649] FIQ FSM acceleration enabled for :
Nov 13 14:25:00 raspberrypi kernel: [    0.710649] Non-periodic Split Transactions
Nov 13 14:25:00 raspberrypi kernel: [    0.710649] Periodic Split Transactions
Nov 13 14:25:00 raspberrypi kernel: [    0.710649] High-Speed Isochronous Endpoints
Nov 13 14:25:00 raspberrypi kernel: [    0.710649] Interrupt/Control Split Transaction hack enabled
Nov 13 14:25:00 raspberrypi kernel: [    0.717979] dwc_otg: Microframe scheduler enabled
Nov 13 14:25:00 raspberrypi kernel: [    0.718036] WARN::hcd_init_fiq:459: FIQ on core 1 at 0x805ea470
Nov 13 14:25:00 raspberrypi kernel: [    0.724967] WARN::hcd_init_fiq:460: FIQ ASM at 0x805ea7d8 length 36
Nov 13 14:25:00 raspberrypi kernel: [    0.731777] WARN::hcd_init_fiq:486: MPHI regs_base at 0xf0006000
Nov 13 14:25:00 raspberrypi kernel: [    0.738633] dwc_otg 3f980000.usb: DWC OTG Controller
Nov 13 14:25:00 raspberrypi kernel: [    0.745396] dwc_otg 3f980000.usb: new USB bus registered, assigned bus number 1
Nov 13 14:25:00 raspberrypi kernel: [    0.752266] dwc_otg 3f980000.usb: irq 62, io mem 0x00000000
Nov 13 14:25:00 raspberrypi kernel: [    0.759068] Init: Port Power? op_state=1
Nov 13 14:25:00 raspberrypi kernel: [    0.765733] Init: Power Port (0)
Nov 13 14:25:00 raspberrypi kernel: [    0.772601] usb usb1: New USB device found, idVendor=1d6b, idProduct=0002
Nov 13 14:25:00 raspberrypi kernel: [    0.779345] usb usb1: New USB device strings: Mfr=3, Product=2, SerialNumber=1
Nov 13 14:25:00 raspberrypi kernel: [    0.786266] usb usb1: Product: DWC OTG Controller
Nov 13 14:25:00 raspberrypi kernel: [    0.793169] usb usb1: Manufacturer: Linux 4.14.79-v7+ dwc_otg_hcd
Nov 13 14:25:00 raspberrypi kernel: [    0.799983] usb usb1: SerialNumber: 3f980000.usb
Nov 13 14:25:00 raspberrypi kernel: [    0.807397] hub 1-0:1.0: USB hub found
Nov 13 14:25:00 raspberrypi fake-hwclock[92]: Tue 13 Nov 14:24:58 UTC 2018
Nov 13 14:25:00 raspberrypi systemd[1]: Started Load Kernel Modules.
Nov 13 14:25:00 raspberrypi systemd[1]: Started Restore / save the current clock.
Nov 13 14:25:00 raspberrypi systemd[1]: Started Create list of required static device nodes for the current kernel.
Nov 13 14:25:00 raspberrypi systemd[1]: Time has been changed
Nov 13 14:25:00 raspberrypi systemd[1]: Starting Create Static Device Nodes in /dev...
Nov 13 14:25:00 raspberrypi systemd[1]: Starting File System Check on Root Device...
Nov 13 14:25:00 raspberrypi systemd[1]: Mounting Configuration File System...
Nov 13 14:25:00 raspberrypi systemd[1]: Starting Apply Kernel Variables...
Nov 13 14:25:00 raspberrypi systemd[1]: Mounted Configuration File System.
Nov 13 14:25:00 raspberrypi systemd[1]: Started Apply Kernel Variables.
Nov 13 14:25:00 raspberrypi systemd[1]: Started File System Check Daemon to report status.
Nov 13 14:25:00 raspberrypi systemd[1]: Started Create Static Device Nodes in /dev.
Nov 13 14:25:00 raspberrypi systemd[1]: Starting udev Kernel Device Manager...
Nov 13 14:25:00 raspberrypi systemd-fsck[114]: e2fsck 1.43.4 (31-Jan-2017)
Nov 13 14:25:00 raspberrypi systemd-fsck[114]: rootfs: clean, 39688/1884960 files, 408872/7779456 blocks
Nov 13 14:25:00 raspberrypi systemd[1]: Started File System Check on Root Device.
Nov 13 14:25:00 raspberrypi systemd[1]: Starting Remount Root and Kernel File Systems...
Nov 13 14:25:00 raspberrypi systemd[1]: Started udev Kernel Device Manager.
Nov 13 14:25:00 raspberrypi systemd[1]: Started Set the console keyboard layout.
Nov 13 14:25:00 raspberrypi systemd[1]: Started Remount Root and Kernel File Systems.
Nov 13 14:25:00 raspberrypi systemd[1]: Reached target Local File Systems (Pre).
Nov 13 14:25:00 raspberrypi mtp-probe: checking bus 1, device 5: "/sys/devices/platform/soc/3f980000.usb/usb1/1-1/1-1.2/1-1.2.3"
Nov 13 14:25:00 raspberrypi mtp-probe: bus: 1, device: 5 was not an MTP device
Nov 13 14:25:00 raspberrypi systemd[1]: Starting Load/Save Random Seed...
Nov 13 14:25:00 raspberrypi systemd[1]: Starting Flush Journal to Persistent Storage...
Nov 13 14:25:00 raspberrypi systemd[1]: Starting udev Coldplug all Devices...
Nov 13 14:25:00 raspberrypi systemd[1]: Started Load/Save Random Seed.
Nov 13 14:25:00 raspberrypi systemd[1]: Started Flush Journal to Persistent Storage.
Nov 13 14:25:00 raspberrypi systemd-udevd[134]: Process '/usr/sbin/th-cmd --socket /var/run/thd.socket --passfd --udev' failed with exit code 1.
Nov 13 14:25:00 raspberrypi systemd[1]: Started udev Coldplug all Devices.
Nov 13 14:25:00 raspberrypi systemd[1]: Starting Show Plymouth Boot Screen...
Nov 13 14:25:00 raspberrypi systemd-udevd[150]: Process '/usr/sbin/th-cmd --socket /var/run/thd.socket --passfd --udev' failed with exit code 1.
Nov 13 14:25:00 raspberrypi systemd-udevd[146]: Process '/usr/sbin/th-cmd --socket /var/run/thd.socket --passfd --udev' failed with exit code 1.
Nov 13 14:25:00 raspberrypi systemd[1]: Received SIGRTMIN+20 from PID 170 (plymouthd).
Nov 13 14:25:00 raspberrypi systemd[1]: Started Show Plymouth Boot Screen.
Nov 13 14:25:00 raspberrypi systemd[1]: Reached target Encrypted Volumes.
Nov 13 14:25:00 raspberrypi systemd[1]: Reached target Paths.
Nov 13 14:25:00 raspberrypi systemd[1]: Started Forward Password Requests to Plymouth Directory Watch.
Nov 13 14:25:00 raspberrypi kernel: [    0.814067] hub 1-0:1.0: 1 port detected
Nov 13 14:25:00 raspberrypi kernel: [    0.821216] dwc_otg: FIQ enabled
Nov 13 14:25:00 raspberrypi systemd[1]: Found device /dev/serial1.
Nov 13 14:25:00 raspberrypi kernel: [    0.821221] dwc_otg: NAK holdoff enabled
Nov 13 14:25:00 raspberrypi kernel: [    0.821226] dwc_otg: FIQ split-transaction FSM enabled
Nov 13 14:25:00 raspberrypi systemd[1]: Found device /dev/disk/by-partuuid/ab4d4c6a-01.
Nov 13 14:25:00 raspberrypi kernel: [    0.821236] Module dwc_common_port init
Nov 13 14:25:00 raspberrypi kernel: [    0.821571] usbcore: registered new interface driver usb-storage
Nov 13 14:25:00 raspberrypi kernel: [    0.828354] mousedev: PS/2 mouse device common for all mice
Nov 13 14:25:00 raspberrypi kernel: [    0.835134] IR NEC protocol handler initialized
Nov 13 14:25:00 raspberrypi systemd[1]: Starting File System Check on /dev/disk/by-partuuid/ab4d4c6a-01...
Nov 13 14:25:00 raspberrypi kernel: [    0.841885] IR RC5(x/sz) protocol handler initialized
Nov 13 14:25:00 raspberrypi kernel: [    0.848524] IR RC6 protocol handler initialized
Nov 13 14:25:00 raspberrypi kernel: [    0.855168] IR JVC protocol handler initialized
Nov 13 14:25:00 raspberrypi kernel: [    0.861602] IR Sony protocol handler initialized
Nov 13 14:25:00 raspberrypi kernel: [    0.868077] IR SANYO protocol handler initialized
Nov 13 14:25:00 raspberrypi kernel: [    0.874598] IR Sharp protocol handler initialized
Nov 13 14:25:00 raspberrypi mtp-probe: checking bus 1, device 3: "/sys/devices/platform/soc/3f980000.usb/usb1/1-1/1-1.1"
Nov 13 14:25:00 raspberrypi kernel: [    0.880987] IR MCE Keyboard/mouse protocol handler initialized
Nov 13 14:25:00 raspberrypi kernel: [    0.887539] IR XMP protocol handler initialized
Nov 13 14:25:00 raspberrypi kernel: [    0.894759] bcm2835-wdt 3f100000.watchdog: Broadcom BCM2835 watchdog timer
Nov 13 14:25:00 raspberrypi mtp-probe: checking bus 1, device 5: "/sys/devices/platform/soc/3f980000.usb/usb1/1-1/1-1.2/1-1.2.3"
Nov 13 14:25:00 raspberrypi kernel: [    0.901709] bcm2835-cpufreq: min=600000 max=1200000
Nov 13 14:25:00 raspberrypi kernel: [    0.908767] sdhci: Secure Digital Host Controller Interface driver
Nov 13 14:25:00 raspberrypi mtp-probe: bus: 1, device: 5 was not an MTP device
Nov 13 14:25:00 raspberrypi kernel: [    0.915442] sdhci: Copyright(c) Pierre Ossman
Nov 13 14:25:00 raspberrypi kernel: [    0.922569] mmc-bcm2835 3f300000.mmc: could not get clk, deferring probe
Nov 13 14:25:00 raspberrypi kernel: [    0.929520] sdhost-bcm2835 3f202000.mmc: could not get clk, deferring probe
Nov 13 14:25:00 raspberrypi kernel: [    0.936294] sdhci-pltfm: SDHCI platform and OF driver helper
Nov 13 14:25:00 raspberrypi kernel: [    0.944374] ledtrig-cpu: registered to indicate activity on CPUs
Nov 13 14:25:00 raspberrypi kernel: [    0.951122] hidraw: raw HID events driver (C) Jiri Kosina
Nov 13 14:25:00 raspberrypi mtp-probe: bus: 1, device: 3 was not an MTP device
Nov 13 14:25:00 raspberrypi kernel: [    0.957946] usbcore: registered new interface driver usbhid
Nov 13 14:25:00 raspberrypi kernel: [    0.964554] usbhid: USB HID core driver
Nov 13 14:25:00 raspberrypi kernel: [    0.971846] vchiq: vchiq_init_state: slot_zero = bad80000, is_master = 0
Nov 13 14:25:00 raspberrypi systemd[1]: Reached target Sound Card.
Nov 13 14:25:00 raspberrypi kernel: [    0.980081] [vc_sm_connected_init]: start
Nov 13 14:25:00 raspberrypi kernel: [    0.990405] [vc_sm_connected_init]: end - returning 0
Nov 13 14:25:00 raspberrypi kernel: [    0.997745] Initializing XFRM netlink socket
Nov 13 14:25:00 raspberrypi kernel: [    1.004493] NET: Registered protocol family 17
Nov 13 14:25:00 raspberrypi systemd-fsck[206]: fsck.fat 4.1 (2017-01-24)
Nov 13 14:25:00 raspberrypi kernel: [    1.011234] Key type dns_resolver registered
Nov 13 14:25:00 raspberrypi kernel: [    1.018341] Registering SWP/SWPB emulation handler
Nov 13 14:25:00 raspberrypi kernel: [    1.025650] registered taskstats version 1
Nov 13 14:25:00 raspberrypi systemd-fsck[206]: /dev/mmcblk0p1: 176 files, 45079/88440 clusters
Nov 13 14:25:00 raspberrypi kernel: [    1.032390] Indeed it is in host mode hprt0 = 00021501
Nov 13 14:25:00 raspberrypi kernel: [    1.047285] uart-pl011 3f201000.serial: cts_event_workaround enabled
Nov 13 14:25:00 raspberrypi kernel: [    1.054165] 3f201000.serial: ttyAMA0 at MMIO 0x3f201000 (irq = 87, base_baud = 0) is a PL011 rev2
Nov 13 14:25:00 raspberrypi kernel: [    1.062885] mmc-bcm2835 3f300000.mmc: mmc_debug:0 mmc_debug2:0
Nov 13 14:25:00 raspberrypi systemd[1]: Started File System Check on /dev/disk/by-partuuid/ab4d4c6a-01.
Nov 13 14:25:00 raspberrypi kernel: [    1.069787] mmc-bcm2835 3f300000.mmc: DMA channel allocated
Nov 13 14:25:00 raspberrypi kernel: [    1.127087] random: fast init done
Nov 13 14:25:00 raspberrypi kernel: [    1.133893] sdhost: log_buf @ bad07000 (fad07000)
Nov 13 14:25:00 raspberrypi systemd[1]: Mounting /boot...
Nov 13 14:25:00 raspberrypi kernel: [    1.173551] mmc1: queuing unknown CIS tuple 0x80 (2 bytes)
Nov 13 14:25:00 raspberrypi kernel: [    1.181753] mmc1: queuing unknown CIS tuple 0x80 (3 bytes)
Nov 13 14:25:00 raspberrypi kernel: [    1.189947] mmc1: queuing unknown CIS tuple 0x80 (3 bytes)
Nov 13 14:25:00 raspberrypi kernel: [    1.199268] mmc1: queuing unknown CIS tuple 0x80 (7 bytes)
Nov 13 14:25:00 raspberrypi systemd-udevd[154]: Process '/usr/sbin/th-cmd --socket /var/run/thd.socket --passfd --udev' failed with exit code 1.
Nov 13 14:25:00 raspberrypi kernel: [    1.221424] mmc0: sdhost-bcm2835 loaded - DMA enabled (>1)
Nov 13 14:25:00 raspberrypi kernel: [    1.228859] of_cfs_init
Nov 13 14:25:00 raspberrypi kernel: [    1.235475] of_cfs_init: OK
Nov 13 14:25:00 raspberrypi kernel: [    1.241428] usb 1-1: new high-speed USB device number 2 using dwc_otg
Nov 13 14:25:00 raspberrypi systemd[1]: Listening on Load/Save RF Kill Switch Status /dev/rfkill Watch.
Nov 13 14:25:00 raspberrypi kernel: [    1.241556] Indeed it is in host mode hprt0 = 00001101
Nov 13 14:25:00 raspberrypi kernel: [    1.255246] Waiting for root device PARTUUID=ab4d4c6a-02...
Nov 13 14:25:00 raspberrypi kernel: [    1.328073] mmc1: new high speed SDIO card at address 0001
Nov 13 14:25:00 raspberrypi systemd[1]: Mounted /boot.
Nov 13 14:25:00 raspberrypi kernel: [    1.361500] mmc0: host does not support reading read-only switch, assuming write-enable
Nov 13 14:25:00 raspberrypi kernel: [    1.371869] mmc0: new high speed SDHC card at address aaaa
Nov 13 14:25:00 raspberrypi kernel: [    1.378854] mmcblk0: mmc0:aaaa SC32G 29.7 GiB
Nov 13 14:25:00 raspberrypi kernel: [    1.389886]  mmcblk0: p1 p2
Nov 13 14:25:00 raspberrypi kernel: [    1.425852] EXT4-fs (mmcblk0p2): mounted filesystem with ordered data mode. Opts: (null)
Nov 13 14:25:00 raspberrypi systemd[1]: Reached target Local File Systems.
Nov 13 14:25:00 raspberrypi kernel: [    1.432602] VFS: Mounted root (ext4 filesystem) readonly on device 179:2.
Nov 13 14:25:00 raspberrypi kernel: [    1.449117] devtmpfs: mounted
Nov 13 14:25:00 raspberrypi kernel: [    1.459242] Freeing unused kernel memory: 1024K
Nov 13 14:25:00 raspberrypi systemd[1]: Starting Tell Plymouth To Write Out Runtime Data...
Nov 13 14:25:00 raspberrypi kernel: [    1.481706] usb 1-1: New USB device found, idVendor=0424, idProduct=9514
Nov 13 14:25:00 raspberrypi kernel: [    1.488605] usb 1-1: New USB device strings: Mfr=0, Product=0, SerialNumber=0
Nov 13 14:25:00 raspberrypi kernel: [    1.496061] hub 1-1:1.0: USB hub found
Nov 13 14:25:00 raspberrypi kernel: [    1.502934] hub 1-1:1.0: 5 ports detected
Nov 13 14:25:00 raspberrypi systemd[1]: Starting Preprocess NFS configuration...
Nov 13 14:25:00 raspberrypi kernel: [    1.821445] usb 1-1.1: new high-speed USB device number 3 using dwc_otg
Nov 13 14:25:00 raspberrypi kernel: [    1.951720] usb 1-1.1: New USB device found, idVendor=0424, idProduct=ec00
Nov 13 14:25:00 raspberrypi kernel: [    1.958886] usb 1-1.1: New USB device strings: Mfr=0, Product=0, SerialNumber=0
Nov 13 14:25:00 raspberrypi systemd[1]: Starting Create Volatile Files and Directories...
Nov 13 14:25:00 raspberrypi kernel: [    1.968763] smsc95xx v1.0.6
Nov 13 14:25:00 raspberrypi kernel: [    2.044097] NET: Registered protocol family 10
Nov 13 14:25:00 raspberrypi kernel: [    2.052286] Segment Routing with IPv6
Nov 13 14:25:00 raspberrypi kernel: [    2.065078] smsc95xx 1-1.1:1.0 eth0: register 'smsc95xx' at usb-3f980000.usb-1.1, smsc95xx USB 2.0 Ethernet, b8:27:eb:b8:19:cf
Nov 13 14:25:00 raspberrypi systemd[1]: Starting Set console font and keymap...
Nov 13 14:25:00 raspberrypi kernel: [    2.076115] ip_tables: (C) 2000-2006 Netfilter Core Team
Nov 13 14:25:00 raspberrypi kernel: [    2.102816] random: systemd: uninitialized urandom read (16 bytes read)
Nov 13 14:25:00 raspberrypi kernel: [    2.207335] random: systemd: uninitialized urandom read (16 bytes read)
Nov 13 14:25:00 raspberrypi systemd[1]: Starting Raise network interfaces...
Nov 13 14:25:00 raspberrypi kernel: [    2.250479] random: systemd-sysv-ge: uninitialized urandom read (16 bytes read)
Nov 13 14:25:00 raspberrypi kernel: [    2.381473] usb 1-1.2: new high-speed USB device number 4 using dwc_otg
Nov 13 14:25:00 raspberrypi kernel: [    2.522808] usb 1-1.2: New USB device found, idVendor=05e3, idProduct=0608
Nov 13 14:25:00 raspberrypi kernel: [    2.530689] usb 1-1.2: New USB device strings: Mfr=0, Product=1, SerialNumber=0
Nov 13 14:25:00 raspberrypi systemd[1]: Started Tell Plymouth To Write Out Runtime Data.
Nov 13 14:25:00 raspberrypi kernel: [    2.538620] usb 1-1.2: Product: USB2.0 Hub
Nov 13 14:25:00 raspberrypi kernel: [    2.547292] hub 1-1.2:1.0: USB hub found
Nov 13 14:25:00 raspberrypi kernel: [    2.555472] hub 1-1.2:1.0: 4 ports detected
Nov 13 14:25:00 raspberrypi systemd[1]: Started Preprocess NFS configuration.
Nov 13 14:25:00 raspberrypi systemd[1]: Started Set console font and keymap.
Nov 13 14:25:00 raspberrypi systemd[1]: Reached target NFS client services.
Nov 13 14:25:00 raspberrypi systemd[1]: Reached target Remote File Systems (Pre).
Nov 13 14:25:00 raspberrypi systemd[1]: Reached target Remote File Systems.
Nov 13 14:25:00 raspberrypi systemd-udevd[134]: Process '/usr/sbin/th-cmd --socket /var/run/thd.socket --passfd --udev' failed with exit code 1.
Nov 13 14:25:00 raspberrypi systemd-udevd[145]: Process '/usr/sbin/th-cmd --socket /var/run/thd.socket --passfd --udev' failed with exit code 1.
Nov 13 14:25:00 raspberrypi kernel: [    2.881512] usb 1-1.2.3: new low-speed USB device number 5 using dwc_otg
Nov 13 14:25:00 raspberrypi kernel: [    3.072224] usb 1-1.2.3: New USB device found, idVendor=04b4, idProduct=0101
Nov 13 14:25:00 raspberrypi systemd[1]: Started Create Volatile Files and Directories.
Nov 13 14:25:00 raspberrypi kernel: [    3.072235] usb 1-1.2.3: New USB device strings: Mfr=1, Product=2, SerialNumber=0
Nov 13 14:25:00 raspberrypi kernel: [    3.072243] usb 1-1.2.3: Product: Cypress USB Keyboard / PS2 Mouse
Nov 13 14:25:00 raspberrypi kernel: [    3.072251] usb 1-1.2.3: Manufacturer: Cypress
Nov 13 14:25:00 raspberrypi kernel: [    3.172351] input: Cypress Cypress USB Keyboard / PS2 Mouse as /devices/platform/soc/3f980000.usb/usb1/1-1/1-1.2/1-1.2.3/1-1.2.3:1.0/0003:04B4:0101.0001/input/input0
Nov 13 14:25:00 raspberrypi kernel: [    3.243076] hid-generic 0003:04B4:0101.0001: input,hidraw0: USB HID v1.00 Keyboard [Cypress Cypress USB Keyboard / PS2 Mouse] on usb-3f980000.usb-1.2.3/input0
Nov 13 14:25:00 raspberrypi systemd[1]: Starting Network Time Synchronization...
Nov 13 14:25:00 raspberrypi kernel: [    3.280153] input: Cypress Cypress USB Keyboard / PS2 Mouse as /devices/platform/soc/3f980000.usb/usb1/1-1/1-1.2/1-1.2.3/1-1.2.3:1.1/0003:04B4:0101.0002/input/input1
Nov 13 14:25:00 raspberrypi kernel: [    3.342135] hid-generic 0003:04B4:0101.0002: input,hidraw1: USB HID v1.00 Mouse [Cypress Cypress USB Keyboard / PS2 Mouse] on usb-3f980000.usb-1.2.3/input1
Nov 13 14:25:00 raspberrypi systemd[1]: Starting Update UTMP about System Boot/Shutdown...
Nov 13 14:25:00 raspberrypi kernel: [    3.610574] EXT4-fs (mmcblk0p2): re-mounted. Opts: (null)
Nov 13 14:25:00 raspberrypi kernel: [    4.307856] snd_bcm2835: module is from the staging directory, the quality is unknown, you have been warned.
Nov 13 14:25:00 raspberrypi kernel: [    4.310969] bcm2835_alsa bcm2835_alsa: card created with 8 channels
Nov 13 14:25:00 raspberrypi kernel: [    4.462662] brcmfmac: F1 signature read @0x18000000=0x1541a9a6
Nov 13 14:25:00 raspberrypi systemd[1]: Started Update UTMP about System Boot/Shutdown.
Nov 13 14:25:00 raspberrypi kernel: [    4.470229] brcmfmac: brcmf_fw_map_chip_to_name: using brcm/brcmfmac43430-sdio.bin for chip 0x00a9a6(43430) rev 0x000001
Nov 13 14:25:00 raspberrypi kernel: [    4.470531] usbcore: registered new interface driver brcmfmac
Nov 13 14:25:00 raspberrypi kernel: [    4.717616] brcmfmac: brcmf_c_preinit_dcmds: Firmware version = wl0: Oct 23 2017 03:55:53 version 7.45.98.38 (r674442 CY) FWID 01-e58d219f
Nov 13 14:25:00 raspberrypi systemd[1]: Started Network Time Synchronization.
Nov 13 14:25:00 raspberrypi kernel: [    4.718896] brcmfmac: brcmf_c_preinit_dcmds: CLM version = API: 12.2 Data: 7.11.15 Compiler: 1.24.2 ClmImport: 1.24.1 Creation: 2014-05-26 10:53:55 Inc Data: 9.10.39 Inc Compiler: 1.29.4 Inc ClmImport: 1.36.3 Creation: 2017-10-23 03:47:14 
Nov 13 14:25:00 raspberrypi systemd[1]: Reached target System Initialization.
Nov 13 14:25:00 raspberrypi systemd[1]: Started Daily Cleanup of Temporary Directories.
Nov 13 14:25:00 raspberrypi systemd[1]: Listening on D-Bus System Message Bus Socket.
Nov 13 14:25:00 raspberrypi systemd[1]: Listening on triggerhappy.socket.
Nov 13 14:25:00 raspberrypi systemd[1]: Listening on Avahi mDNS/DNS-SD Stack Activation Socket.
Nov 13 14:25:00 raspberrypi systemd[1]: Reached target Sockets.
Nov 13 14:25:00 raspberrypi systemd[1]: Reached target Basic System.
Nov 13 14:25:00 raspberrypi systemd[1]: Starting Login Service...
Nov 13 14:25:00 raspberrypi systemd[1]: Starting LSB: Autogenerate and use a swap file...
Nov 13 14:25:00 raspberrypi systemd[1]: Starting Save/Restore Sound Card State...
Nov 13 14:25:00 raspberrypi systemd[1]: Starting triggerhappy global hotkey daemon...
Nov 13 14:25:00 raspberrypi systemd[1]: Starting System Logging Service...
Nov 13 14:25:00 raspberrypi systemd[1]: Starting Configure Bluetooth Modems connected by UART...
Nov 13 14:25:00 raspberrypi systemd[1]: Starting Disable WiFi if country not set...
Nov 13 14:25:00 raspberrypi thd[311]: Found socket passed from systemd
Nov 13 14:25:00 raspberrypi systemd[1]: Started Regular background program processing daemon.
Nov 13 14:25:00 raspberrypi systemd[1]: Starting dhcpcd on all interfaces...
Nov 13 14:25:00 raspberrypi systemd[1]: Starting LSB: Switch to ondemand cpu governor (unless shift key is pressed)...
Nov 13 14:25:00 raspberrypi systemd[1]: Started D-Bus System Message Bus.
Nov 13 14:25:00 raspberrypi cron[320]: (CRON) INFO (pidfile fd = 3)
Nov 13 14:25:00 raspberrypi cron[320]: (CRON) INFO (Running @reboot jobs)
Nov 13 14:25:00 raspberrypi liblogging-stdlog:  [origin software="rsyslogd" swVersion="8.24.0" x-pid="313" x-info="http://www.rsyslog.com"] start
Nov 13 14:25:00 raspberrypi dhcpcd[322]: dev: loaded udev
Nov 13 14:25:00 raspberrypi kernel: [    5.565282] uart-pl011 3f201000.serial: no DMA platform data
Nov 13 14:25:00 raspberrypi dbus[327]: [system] Successfully activated service 'org.freedesktop.systemd1'
Nov 13 14:25:00 raspberrypi systemd[1]: Starting Avahi mDNS/DNS-SD Stack...
Nov 13 14:25:00 raspberrypi systemd[1]: Reached target System Time Synchronized.
Nov 13 14:25:00 raspberrypi systemd[1]: apt-daily.timer: Adding 8h 47min 39.402759s random time.
Nov 13 14:25:00 raspberrypi systemd[1]: Started Daily apt download activities.
Nov 13 14:25:00 raspberrypi systemd[1]: apt-daily-upgrade.timer: Adding 21min 28.477473s random time.
Nov 13 14:25:00 raspberrypi systemd[1]: Started Daily apt upgrade and clean activities.
Nov 13 14:25:00 raspberrypi systemd[1]: Reached target Timers.
Nov 13 14:25:00 raspberrypi systemd[1]: Started triggerhappy global hotkey daemon.
Nov 13 14:25:00 raspberrypi systemd[1]: Started System Logging Service.
Nov 13 14:25:00 raspberrypi systemd[1]: Started Raise network interfaces.
Nov 13 14:25:00 raspberrypi systemd[1]: Started Save/Restore Sound Card State.
Nov 13 14:25:00 raspberrypi systemd[1]: Started Disable WiFi if country not set.
Nov 13 14:25:00 raspberrypi avahi-daemon[354]: Found user 'avahi' (UID 108) and group 'avahi' (GID 112).
Nov 13 14:25:00 raspberrypi avahi-daemon[354]: Successfully dropped root privileges.
Nov 13 14:25:00 raspberrypi avahi-daemon[354]: avahi-daemon 0.6.32 starting up.
Nov 13 14:25:00 raspberrypi avahi-daemon[354]: Successfully called chroot().
Nov 13 14:25:00 raspberrypi avahi-daemon[354]: Successfully dropped remaining capabilities.
Nov 13 14:25:00 raspberrypi avahi-daemon[354]: No service file found in /etc/avahi/services.
Nov 13 14:25:00 raspberrypi avahi-daemon[354]: Network interface enumeration completed.
Nov 13 14:25:00 raspberrypi avahi-daemon[354]: Server startup complete. Host name is raspberrypi.local. Local service cookie is 316594376.
Nov 13 14:25:00 raspberrypi dhcpcd[322]: wlan0: starting wpa_supplicant
Nov 13 14:25:00 raspberrypi dhcpcd-run-hooks[365]: wlan0: starting wpa_supplicant
Nov 13 14:25:00 raspberrypi systemd[1]: Started Avahi mDNS/DNS-SD Stack.
Nov 13 14:25:00 raspberrypi systemd[1]: Started Login Service.
Nov 13 14:25:00 raspberrypi dphys-swapfile[307]: Starting dphys-swapfile swapfile setup ...
Nov 13 14:25:00 raspberrypi systemd[1]: Starting Load/Save RF Kill Switch Status...
Nov 13 14:25:00 raspberrypi systemd[1]: Started Load/Save RF Kill Switch Status.
Nov 13 14:25:00 raspberrypi dphys-swapfile[307]: want /var/swap=100MByte, checking existing: keeping it
Nov 13 14:25:00 raspberrypi kernel: [    5.952787] IPv6: ADDRCONF(NETDEV_UP): wlan0: link is not ready
Nov 13 14:25:00 raspberrypi kernel: [    5.952954] brcmfmac: power management disabled
Nov 13 14:25:01 raspberrypi kernel: [    6.024668] Adding 102396k swap on /var/swap.  Priority:-2 extents:1 across:102396k SSFS
Nov 13 14:25:01 raspberrypi dphys-swapfile[307]: done.
Nov 13 14:25:01 raspberrypi systemd[1]: Started LSB: Autogenerate and use a swap file.
Nov 13 14:25:01 raspberrypi dhcpcd[322]: eth0: waiting for carrier
Nov 13 14:25:01 raspberrypi dhcpcd[322]: wlan0: waiting for carrier
Nov 13 14:25:01 raspberrypi dhcpcd[322]: wlan0: carrier acquired
Nov 13 14:25:01 raspberrypi kernel: [    6.373375] smsc95xx 1-1.1:1.0 eth0: hardware isn't capable of remote wakeup
Nov 13 14:25:01 raspberrypi kernel: [    6.373918] IPv6: ADDRCONF(NETDEV_UP): eth0: link is not ready
Nov 13 14:25:01 raspberrypi dhcpcd[322]: DUID 00:01:00:01:23:7d:95:f4:b8:27:eb:ed:4c:9a
Nov 13 14:25:01 raspberrypi dhcpcd[322]: wlan0: IAID eb:ed:4c:9a
Nov 13 14:25:01 raspberrypi dhcpcd[322]: wlan0: adding address fe80::8cdf:bee8:8e25:c9a8
Nov 13 14:25:01 raspberrypi dhcpcd[322]: wlan0: carrier lost
Nov 13 14:25:01 raspberrypi dhcpcd[322]: wlan0: deleting address fe80::8cdf:bee8:8e25:c9a8
Nov 13 14:25:01 raspberrypi raspi-config[324]: Checking if shift key is held down: No. Switching to ondemand scaling governor.
Nov 13 14:25:01 raspberrypi systemd[1]: Started LSB: Switch to ondemand cpu governor (unless shift key is pressed).
Nov 13 14:25:05 raspberrypi kernel: [   10.048825] Bluetooth: Core ver 2.22
Nov 13 14:25:05 raspberrypi kernel: [   10.048919] NET: Registered protocol family 31
Nov 13 14:25:05 raspberrypi kernel: [   10.048926] Bluetooth: HCI device and connection manager initialized
Nov 13 14:25:05 raspberrypi kernel: [   10.048950] Bluetooth: HCI socket layer initialized
Nov 13 14:25:05 raspberrypi kernel: [   10.048963] Bluetooth: L2CAP socket layer initialized
Nov 13 14:25:05 raspberrypi kernel: [   10.049000] Bluetooth: SCO socket layer initialized
Nov 13 14:25:05 raspberrypi btuart[314]: bcm43xx_init
Nov 13 14:25:05 raspberrypi btuart[314]: Flash firmware /lib/firmware/brcm/BCM43430A1.hcd
Nov 13 14:25:05 raspberrypi kernel: [   10.062495] Bluetooth: HCI UART driver ver 2.3
Nov 13 14:25:05 raspberrypi kernel: [   10.062511] Bluetooth: HCI UART protocol H4 registered
Nov 13 14:25:05 raspberrypi btuart[314]: Set BDADDR UART: b8:27:eb:12:b3:65
Nov 13 14:25:05 raspberrypi kernel: [   10.062518] Bluetooth: HCI UART protocol Three-wire (H5) registered
Nov 13 14:25:05 raspberrypi kernel: [   10.062757] Bluetooth: HCI UART protocol Broadcom registered
Nov 13 14:25:05 raspberrypi btuart[314]: Set Controller UART speed to 921600 bit/s
Nov 13 14:25:05 raspberrypi btuart[314]: Device setup complete
Nov 13 14:25:05 raspberrypi systemd[1]: Started Configure Bluetooth Modems connected by UART.
Nov 13 14:25:05 raspberrypi systemd[1]: Created slice system-bthelper.slice.
Nov 13 14:25:05 raspberrypi systemd[1]: Starting Bluetooth service...
Nov 13 14:25:05 raspberrypi bluetoothd[419]: Bluetooth daemon 5.43
Nov 13 14:25:05 raspberrypi systemd[1]: Started Bluetooth service.
Nov 13 14:25:05 raspberrypi systemd[1]: Reached target Bluetooth.
Nov 13 14:25:05 raspberrypi systemd[1]: Started Raspberry Pi bluetooth helper.
Nov 13 14:25:05 raspberrypi bluetoothd[419]: Starting SDP server
Nov 13 14:25:05 raspberrypi dbus[327]: [system] Activating via systemd: service name='org.freedesktop.hostname1' unit='dbus-org.freedesktop.hostname1.service'
Nov 13 14:25:05 raspberrypi kernel: [   10.221802] Bluetooth: BNEP (Ethernet Emulation) ver 1.3
Nov 13 14:25:05 raspberrypi kernel: [   10.221814] Bluetooth: BNEP filters: protocol multicast
Nov 13 14:25:05 raspberrypi kernel: [   10.221834] Bluetooth: BNEP socket layer initialized
Nov 13 14:25:05 raspberrypi bluetoothd[419]: Bluetooth management interface 1.14 initialized
Nov 13 14:25:05 raspberrypi bluetoothd[419]: Failed to obtain handles for "Service Changed" characteristic
Nov 13 14:25:05 raspberrypi bluetoothd[419]: Sap driver initialization failed.
Nov 13 14:25:05 raspberrypi bluetoothd[419]: sap-server: Operation not permitted (1)
Nov 13 14:25:05 raspberrypi systemd[1]: Starting Hostname Service...
Nov 13 14:25:05 raspberrypi bluetoothd[419]: Failed to set privacy: Rejected (0x0b)
Nov 13 14:25:05 raspberrypi dbus[327]: [system] Successfully activated service 'org.freedesktop.hostname1'
Nov 13 14:25:05 raspberrypi systemd[1]: Started Hostname Service.
Nov 13 14:25:31 raspberrypi dhcpcd[322]: timed out
Nov 13 14:25:31 raspberrypi systemd[1]: Started dhcpcd on all interfaces.
Nov 13 14:25:31 raspberrypi dhcpcd[322]: forked to background, child pid 432
Nov 13 14:25:31 raspberrypi systemd[1]: Reached target Network.
Nov 13 14:25:31 raspberrypi systemd[1]: Starting Permit User Sessions...
Nov 13 14:25:31 raspberrypi systemd[1]: Starting /etc/rc.local Compatibility...
Nov 13 14:25:31 raspberrypi systemd[1]: Started Permit User Sessions.
Nov 13 14:25:31 raspberrypi systemd[1]: Started /etc/rc.local Compatibility.
Nov 13 14:25:31 raspberrypi systemd[1]: Starting Terminate Plymouth Boot Screen...
Nov 13 14:25:31 raspberrypi systemd[1]: Starting Hold until boot process finishes up...
Nov 13 14:25:31 raspberrypi systemd[1]: Received SIGRTMIN+21 from PID 170 (plymouthd).
Nov 13 14:25:31 raspberrypi systemd[1]: Started Terminate Plymouth Boot Screen.
Nov 13 14:25:31 raspberrypi systemd[1]: Started Hold until boot process finishes up.
Nov 13 14:25:31 raspberrypi systemd[1]: Started Getty on tty1.
Nov 13 14:25:31 raspberrypi systemd[1]: Reached target Login Prompts.
Nov 13 14:25:31 raspberrypi systemd[1]: Reached target Multi-User System.
Nov 13 14:25:31 raspberrypi systemd[1]: Reached target Graphical Interface.
Nov 13 14:25:31 raspberrypi systemd[1]: Starting Update UTMP about System Runlevel Changes...
Nov 13 14:25:31 raspberrypi systemd[1]: Started Update UTMP about System Runlevel Changes.
Nov 13 14:25:31 raspberrypi systemd[1]: Startup finished in 1.860s (kernel) + 34.575s (userspace) = 36.436s.
Nov 13 14:25:33 raspberrypi kernel: [   38.534194] random: crng init done
Nov 13 14:25:33 raspberrypi kernel: [   38.534207] random: 7 urandom warning(s) missed due to ratelimiting
Nov 13 14:25:57 raspberrypi systemd[1]: Created slice User Slice of pi.
Nov 13 14:25:57 raspberrypi systemd[1]: Starting User Manager for UID 1000...
Nov 13 14:25:57 raspberrypi systemd[1]: Started Session c1 of user pi.
Nov 13 14:25:57 raspberrypi systemd[462]: Listening on GnuPG cryptographic agent and passphrase cache (restricted).
Nov 13 14:25:57 raspberrypi systemd[462]: Reached target Paths.
Nov 13 14:25:57 raspberrypi systemd[462]: Listening on GnuPG cryptographic agent (ssh-agent emulation).
Nov 13 14:25:57 raspberrypi systemd[462]: Reached target Timers.
Nov 13 14:25:57 raspberrypi systemd[462]: Listening on GnuPG cryptographic agent (access for web browsers).
Nov 13 14:25:57 raspberrypi systemd[462]: Listening on GnuPG cryptographic agent and passphrase cache.
Nov 13 14:25:57 raspberrypi systemd[462]: Reached target Sockets.
Nov 13 14:25:57 raspberrypi systemd[462]: Reached target Basic System.
Nov 13 14:25:57 raspberrypi systemd[462]: Reached target Default.
Nov 13 14:25:57 raspberrypi systemd[462]: Startup finished in 53ms.
Nov 13 14:25:57 raspberrypi systemd[1]: Started User Manager for UID 1000.
Nov 13 14:29:23 raspberrypi systemd[1]: Reloading.
Nov 13 14:29:23 raspberrypi systemd[1]: apt-daily-upgrade.timer: Adding 9min 21.960354s random time.
Nov 13 14:29:23 raspberrypi systemd[1]: apt-daily.timer: Adding 5h 9min 43.452036s random time.
Nov 13 14:29:23 raspberrypi systemd[1]: Reloading.
Nov 13 14:29:23 raspberrypi systemd[1]: apt-daily-upgrade.timer: Adding 56min 658.003ms random time.
Nov 13 14:29:23 raspberrypi systemd[1]: apt-daily.timer: Adding 7h 35min 45.317793s random time.
Nov 13 14:29:23 raspberrypi systemd[1]: Reloading.
Nov 13 14:29:23 raspberrypi systemd[1]: apt-daily-upgrade.timer: Adding 44min 5.039260s random time.
Nov 13 14:29:23 raspberrypi systemd[1]: apt-daily.timer: Adding 11h 58min 5.292384s random time.
Nov 13 14:29:35 raspberrypi systemd[1]: Starting OpenBSD Secure Shell server...
Nov 13 14:29:35 raspberrypi systemd[1]: Started OpenBSD Secure Shell server.
Nov 13 14:40:02 raspberrypi systemd[1]: Starting Cleanup of Temporary Directories...
Nov 13 14:40:02 raspberrypi systemd[1]: Started Cleanup of Temporary Directories.
Nov 13 14:43:49 raspberrypi systemd[1]: Stopping User Manager for UID 1000...
Nov 13 14:43:49 raspberrypi systemd[1]: Closed Load/Save RF Kill Switch Status /dev/rfkill Watch.
Nov 13 14:43:49 raspberrypi systemd[1]: Stopped target Bluetooth.
Nov 13 14:43:49 raspberrypi systemd[1]: Unmounting RPC Pipe File System...
Nov 13 14:43:49 raspberrypi systemd[1]: Stopping Session c1 of user pi.
Nov 13 14:43:49 raspberrypi systemd[1]: Stopped target Timers.
Nov 13 14:43:49 raspberrypi systemd[1]: Stopped Daily apt upgrade and clean activities.
Nov 13 14:43:53 raspberrypi fake-hwclock[86]: Tue 13 Nov 14:43:51 UTC 2018
Nov 13 14:43:53 raspberrypi kernel: [    0.000000] Booting Linux on physical CPU 0x0
Nov 13 14:43:53 raspberrypi kernel: [    0.000000] Linux version 4.14.79-v7+ (dc4@dc4-XPS13-9333) (gcc version 4.9.3 (crosstool-NG crosstool-ng-1.22.0-88-g8460611)) #1159 SMP Sun Nov 4 17:50:20 GMT 2018
Nov 13 14:43:53 raspberrypi kernel: [    0.000000] CPU: ARMv7 Processor [410fd034] revision 4 (ARMv7), cr=10c5383d
Nov 13 14:43:53 raspberrypi kernel: [    0.000000] CPU: div instructions available: patching division code
Nov 13 14:43:53 raspberrypi kernel: [    0.000000] CPU: PIPT / VIPT nonaliasing data cache, VIPT aliasing instruction cache
Nov 13 14:43:53 raspberrypi kernel: [    0.000000] OF: fdt: Machine model: Raspberry Pi 3 Model B Rev 1.2
Nov 13 14:43:53 raspberrypi kernel: [    0.000000] Memory policy: Data cache writealloc
Nov 13 14:43:53 raspberrypi kernel: [    0.000000] cma: Reserved 8 MiB at 0x3ac00000
Nov 13 14:43:53 raspberrypi kernel: [    0.000000] On node 0 totalpages: 242688
Nov 13 14:43:53 raspberrypi kernel: [    0.000000] free_area_init_node: node 0, pgdat 80c85280, node_mem_map ba39f000
Nov 13 14:43:53 raspberrypi kernel: [    0.000000]   Normal zone: 2133 pages used for memmap
Nov 13 14:43:53 raspberrypi kernel: [    0.000000]   Normal zone: 0 pages reserved
Nov 13 14:43:53 raspberrypi kernel: [    0.000000]   Normal zone: 242688 pages, LIFO batch:31
Nov 13 14:43:53 raspberrypi kernel: [    0.000000] percpu: Embedded 17 pages/cpu @ba348000 s38720 r8192 d22720 u69632
Nov 13 14:43:53 raspberrypi kernel: [    0.000000] pcpu-alloc: s38720 r8192 d22720 u69632 alloc=17*4096
Nov 13 14:43:53 raspberrypi kernel: [    0.000000] pcpu-alloc: [0] 0 [0] 1 [0] 2 [0] 3 
Nov 13 14:43:53 raspberrypi kernel: [    0.000000] Built 1 zonelists, mobility grouping on.  Total pages: 240555
Nov 13 14:43:53 raspberrypi systemd[1]: Started Restore / save the current clock.
Nov 13 14:43:53 raspberrypi kernel: [    0.000000] Kernel command line: 8250.nr_uarts=0 bcm2708_fb.fbwidth=1920 bcm2708_fb.fbheight=1080 bcm2708_fb.fbswap=1 vc_mem.mem_base=0x3ec00000 vc_mem.mem_size=0x40000000  dwc_otg.lpm_enable=0 console=ttyS0,115200 console=tty1 root=PARTUUID=ab4d4c6a-02 rootfstype=ext4 elevator=deadline fsck.repair=yes rootwait
Nov 13 14:43:53 raspberrypi kernel: [    0.000000] PID hash table entries: 4096 (order: 2, 16384 bytes)
Nov 13 14:43:53 raspberrypi kernel: [    0.000000] Dentry cache hash table entries: 131072 (order: 7, 524288 bytes)
Nov 13 14:43:53 raspberrypi kernel: [    0.000000] Inode-cache hash table entries: 65536 (order: 6, 262144 bytes)
Nov 13 14:43:53 raspberrypi systemd[1]: Started Load Kernel Modules.
Nov 13 14:43:53 raspberrypi kernel: [    0.000000] Memory: 940232K/970752K available (7168K kernel code, 576K rwdata, 2076K rodata, 1024K init, 698K bss, 22328K reserved, 8192K cma-reserved)
Nov 13 14:43:53 raspberrypi kernel: [    0.000000] Virtual kernel memory layout:
Nov 13 14:43:53 raspberrypi kernel: [    0.000000]     vector  : 0xffff0000 - 0xffff1000   (   4 kB)
Nov 13 14:43:53 raspberrypi systemd[1]: Started Create list of required static device nodes for the current kernel.
Nov 13 14:43:53 raspberrypi kernel: [    0.000000]     fixmap  : 0xffc00000 - 0xfff00000   (3072 kB)
Nov 13 14:43:53 raspberrypi kernel: [    0.000000]     vmalloc : 0xbb800000 - 0xff800000   (1088 MB)
Nov 13 14:43:53 raspberrypi kernel: [    0.000000]     lowmem  : 0x80000000 - 0xbb400000   ( 948 MB)
Nov 13 14:43:53 raspberrypi kernel: [    0.000000]     modules : 0x7f000000 - 0x80000000   (  16 MB)
Nov 13 14:43:53 raspberrypi systemd[1]: Time has been changed
Nov 13 14:43:53 raspberrypi kernel: [    0.000000]       .text : 0x80008000 - 0x80800000   (8160 kB)
Nov 13 14:43:53 raspberrypi kernel: [    0.000000]       .init : 0x80b00000 - 0x80c00000   (1024 kB)
Nov 13 14:43:53 raspberrypi kernel: [    0.000000]       .data : 0x80c00000 - 0x80c9017c   ( 577 kB)
Nov 13 14:43:53 raspberrypi kernel: [    0.000000]        .bss : 0x80c97f04 - 0x80d468b0   ( 699 kB)
Nov 13 14:43:53 raspberrypi systemd[1]: Starting Create Static Device Nodes in /dev...
Nov 13 14:43:53 raspberrypi kernel: [    0.000000] SLUB: HWalign=64, Order=0-3, MinObjects=0, CPUs=4, Nodes=1
Nov 13 14:43:53 raspberrypi kernel: [    0.000000] ftrace: allocating 25287 entries in 75 pages
Nov 13 14:43:53 raspberrypi kernel: [    0.000000] Hierarchical RCU implementation.
Nov 13 14:43:53 raspberrypi kernel: [    0.000000] NR_IRQS: 16, nr_irqs: 16, preallocated irqs: 16
Nov 13 14:43:53 raspberrypi kernel: [    0.000000] arch_timer: cp15 timer(s) running at 19.20MHz (phys).
Nov 13 14:43:53 raspberrypi kernel: [    0.000000] clocksource: arch_sys_counter: mask: 0xffffffffffffff max_cycles: 0x46d987e47, max_idle_ns: 440795202767 ns
Nov 13 14:43:53 raspberrypi kernel: [    0.000007] sched_clock: 56 bits at 19MHz, resolution 52ns, wraps every 4398046511078ns
Nov 13 14:43:53 raspberrypi kernel: [    0.000022] Switching to timer-based delay loop, resolution 52ns
Nov 13 14:43:53 raspberrypi kernel: [    0.000272] Console: colour dummy device 80x30
Nov 13 14:43:53 raspberrypi kernel: [    0.000805] console [tty1] enabled
Nov 13 14:43:53 raspberrypi kernel: [    0.000842] Calibrating delay loop (skipped), value calculated using timer frequency.. 38.40 BogoMIPS (lpj=192000)
